Component: ARM Compiler 5.06 update 5 (build 528) Tool: armlink [4d35e2]

==============================================================================

Section Cross References

    startup_stm32f103xe.o(STACK) refers (Special) to heapauxi.o(.text) for __use_two_region_memory
    startup_stm32f103xe.o(HEAP) refers (Special) to heapauxi.o(.text) for __use_two_region_memory
    startup_stm32f103xe.o(RESET) refers (Special) to heapauxi.o(.text) for __use_two_region_memory
    startup_stm32f103xe.o(RESET) refers to startup_stm32f103xe.o(STACK) for __initial_sp
    startup_stm32f103xe.o(RESET) refers to startup_stm32f103xe.o(.text) for Reset_Handler
    startup_stm32f103xe.o(RESET) refers to stm32f1xx_it.o(i.NMI_Handler) for NMI_Handler
    startup_stm32f103xe.o(RESET) refers to stm32f1xx_it.o(i.HardFault_Handler) for HardFault_Handler
    startup_stm32f103xe.o(RESET) refers to stm32f1xx_it.o(i.MemManage_Handler) for MemManage_Handler
    startup_stm32f103xe.o(RESET) refers to stm32f1xx_it.o(i.BusFault_Handler) for BusFault_Handler
    startup_stm32f103xe.o(RESET) refers to stm32f1xx_it.o(i.UsageFault_Handler) for UsageFault_Handler
    startup_stm32f103xe.o(RESET) refers to port.o(.emb_text) for SVC_Handler
    startup_stm32f103xe.o(RESET) refers to stm32f1xx_it.o(i.DebugMon_Handler) for DebugMon_Handler
    startup_stm32f103xe.o(RESET) refers to stm32f1xx_it.o(i.SysTick_Handler) for SysTick_Handler
    startup_stm32f103xe.o(RESET) refers to stm32f1xx_it.o(i.USART1_IRQHandler) for USART1_IRQHandler
    startup_stm32f103xe.o(.text) refers (Special) to heapauxi.o(.text) for __use_two_region_memory
    startup_stm32f103xe.o(.text) refers to system_stm32f1xx.o(i.SystemInit) for SystemInit
    startup_stm32f103xe.o(.text) refers to __main.o(!!!main) for __main
    startup_stm32f103xe.o(.text) refers to startup_stm32f103xe.o(HEAP) for Heap_Mem
    startup_stm32f103xe.o(.text) refers to startup_stm32f103xe.o(STACK) for Stack_Mem
    main.o(i.HAL_UART_RxCpltCallback) refers to stm32f1xx_hal_uart.o(i.HAL_UART_Receive_IT) for HAL_UART_Receive_IT
    main.o(i.HAL_UART_RxCpltCallback) refers to strncpy.o(.text) for strncpy
    main.o(i.HAL_UART_RxCpltCallback) refers to queue.o(i.xQueueGenericSendFromISR) for xQueueGenericSendFromISR
    main.o(i.HAL_UART_RxCpltCallback) refers to main.o(.data) for .data
    main.o(i.HAL_UART_RxCpltCallback) refers to main.o(.bss) for .bss
    main.o(i.MX_GPIO_Init) refers to stm32f1xx_hal_gpio.o(i.HAL_GPIO_WritePin) for HAL_GPIO_WritePin
    main.o(i.MX_GPIO_Init) refers to stm32f1xx_hal_gpio.o(i.HAL_GPIO_Init) for HAL_GPIO_Init
    main.o(i.MX_USART1_UART_Init) refers to stm32f1xx_hal_uart.o(i.HAL_UART_Init) for HAL_UART_Init
    main.o(i.MX_USART1_UART_Init) refers to stm32f1xx_hal_cortex.o(i.HAL_NVIC_SetPriority) for HAL_NVIC_SetPriority
    main.o(i.MX_USART1_UART_Init) refers to stm32f1xx_hal_cortex.o(i.HAL_NVIC_EnableIRQ) for HAL_NVIC_EnableIRQ
    main.o(i.MX_USART1_UART_Init) refers to main.o(.bss) for .bss
    main.o(i.SystemClock_Config) refers to rt_memclr_w.o(.text) for __aeabi_memclr4
    main.o(i.SystemClock_Config) refers to stm32f1xx_hal_rcc.o(i.HAL_RCC_OscConfig) for HAL_RCC_OscConfig
    main.o(i.SystemClock_Config) refers to stm32f1xx_hal_rcc.o(i.HAL_RCC_ClockConfig) for HAL_RCC_ClockConfig
    main.o(i.TaskLed) refers to tasks.o(i.xTaskGetTickCount) for xTaskGetTickCount
    main.o(i.TaskLed) refers to stm32f1xx_hal_gpio.o(i.HAL_GPIO_WritePin) for HAL_GPIO_WritePin
    main.o(i.TaskLed) refers to tasks.o(i.vTaskDelayUntil) for vTaskDelayUntil
    main.o(i.TaskLed) refers to main.o(.constdata) for .constdata
    main.o(i.TaskLed) refers to main.o(.data) for .data
    main.o(i.TaskUartRx) refers to _printf_percent.o(.ARM.Collect$$_printf_percent$$00000000) for _printf_percent
    main.o(i.TaskUartRx) refers to _printf_d.o(.ARM.Collect$$_printf_percent$$00000009) for _printf_d
    main.o(i.TaskUartRx) refers to _printf_u.o(.ARM.Collect$$_printf_percent$$0000000A) for _printf_u
    main.o(i.TaskUartRx) refers to _printf_dec.o(.text) for _printf_int_dec
    main.o(i.TaskUartRx) refers to strlen.o(.text) for strlen
    main.o(i.TaskUartRx) refers to stm32f1xx_hal_uart.o(i.HAL_UART_Transmit) for HAL_UART_Transmit
    main.o(i.TaskUartRx) refers to queue.o(i.xQueueReceive) for xQueueReceive
    main.o(i.TaskUartRx) refers to strncmp.o(.text) for strncmp
    main.o(i.TaskUartRx) refers to atoi.o(.text) for atoi
    main.o(i.TaskUartRx) refers to __2sprintf.o(.text) for __2sprintf
    main.o(i.TaskUartRx) refers to main.o(.bss) for .bss
    main.o(i.TaskUartRx) refers to main.o(.data) for .data
    main.o(i.main) refers to stm32f1xx_hal.o(i.HAL_Init) for HAL_Init
    main.o(i.main) refers to main.o(i.SystemClock_Config) for SystemClock_Config
    main.o(i.main) refers to main.o(i.MX_GPIO_Init) for MX_GPIO_Init
    main.o(i.main) refers to main.o(i.MX_USART1_UART_Init) for MX_USART1_UART_Init
    main.o(i.main) refers to queue.o(i.xQueueGenericCreate) for xQueueGenericCreate
[...]
    .ARM.Collect$$_printf_percent$$00000009  0x080001a4   Section        6  _printf_d.o(.ARM.Collect$$_printf_percent$$00000009)
    .ARM.Collect$$_printf_percent$$0000000A  0x080001aa   Section        6  _printf_u.o(.ARM.Collect$$_printf_percent$$0000000A)
    .ARM.Collect$$_printf_percent$$00000017  0x080001b0   Section        4  _printf_percent_end.o(.ARM.Collect$$_printf_percent$$00000017)
    .ARM.Collect$$libinit$$00000000          0x080001b4   Section        2  libinit.o(.ARM.Collect$$libinit$$00000000)
    .ARM.Collect$$libinit$$00000002          0x080001b6   Section        0  libinit2.o(.ARM.Collect$$libinit$$00000002)
    .ARM.Collect$$libinit$$00000004          0x080001b6   Section        0  libinit2.o(.ARM.Collect$$libinit$$00000004)
    .ARM.Collect$$libinit$$0000000A          0x080001b6   Section        0  libinit2.o(.ARM.Collect$$libinit$$0000000A)
    .ARM.Collect$$libinit$$0000000C          0x080001b6   Section        0  libinit2.o(.ARM.Collect$$libinit$$0000000C)
    .ARM.Collect$$libinit$$0000000E          0x080001b6   Section        0  libinit2.o(.ARM.Collect$$libinit$$0000000E)
    .ARM.Collect$$libinit$$0000000F          0x080001b6   Section        6  libinit2.o(.ARM.Collect$$libinit$$0000000F)
    .ARM.Collect$$libinit$$00000011          0x080001bc   Section        0  libinit2.o(.ARM.Collect$$libinit$$00000011)
    .ARM.Collect$$libinit$$00000012          0x080001bc   Section       12  libinit2.o(.ARM.Collect$$libinit$$00000012)
    .ARM.Collect$$libinit$$00000013          0x080001c8   Section        0  libinit2.o(.ARM.Collect$$libinit$$00000013)
    .ARM.Collect$$libinit$$00000015          0x080001c8   Section        0  libinit2.o(.ARM.Collect$$libinit$$00000015)
    .ARM.Collect$$libinit$$00000017          0x080001c8   Section        0  libinit2.o(.ARM.Collect$$libinit$$00000017)
    .ARM.Collect$$libinit$$00000019          0x080001c8   Section        0  libinit2.o(.ARM.Collect$$libinit$$00000019)
    .ARM.Collect$$libinit$$0000001B          0x080001c8   Section        0  libinit2.o(.ARM.Collect$$libinit$$0000001B)
    .ARM.Collect$$libinit$$0000001D          0x080001c8   Section        0  libinit2.o(.ARM.Collect$$libinit$$0000001D)
    .ARM.Collect$$libinit$$0000001F          0x080001c8   Section        0  libinit2.o(.ARM.Collect$$libinit$$0000001F)
    .ARM.Collect$$libinit$$00000021          0x080001c8   Section        0  libinit2.o(.ARM.Collect$$libinit$$00000021)
    .ARM.Collect$$libinit$$00000023          0x080001c8   Section        0  libinit2.o(.ARM.Collect$$libinit$$00000023)
    .ARM.Collect$$libinit$$00000025          0x080001c8   Section        0  libinit2.o(.ARM.Collect$$libinit$$00000025)
    .ARM.Collect$$libinit$$0000002C          0x080001c8   Section        0  libinit2.o(.ARM.Collect$$libinit$$0000002C)
    .ARM.Collect$$libinit$$0000002E          0x080001c8   Section        0  libinit2.o(.ARM.Collect$$libinit$$0000002E)
    .ARM.Collect$$libinit$$00000030          0x080001c8   Section        0  libinit2.o(.ARM.Collect$$libinit$$00000030)
    .ARM.Collect$$libinit$$00000032          0x080001c8   Section        0  libinit2.o(.ARM.Collect$$libinit$$00000032)
    .ARM.Collect$$libinit$$00000033          0x080001c8   Section        2  libinit2.o(.ARM.Collect$$libinit$$00000033)
    .ARM.Collect$$libshutdown$$00000000      0x080001ca   Section        2  libshutdown.o(.ARM.Collect$$libshutdown$$00000000)
    .ARM.Collect$$libshutdown$$00000002      0x080001cc   Section        0  libshutdown2.o(.ARM.Collect$$libshutdown$$00000002)
    .ARM.Collect$$libshutdown$$00000004      0x080001cc   Section        0  libshutdown2.o(.ARM.Collect$$libshutdown$$00000004)
    .ARM.Collect$$libshutdown$$00000007      0x080001cc   Section        0  libshutdown2.o(.ARM.Collect$$libshutdown$$00000007)
    .ARM.Collect$$libshutdown$$0000000A      0x080001cc   Section        0  libshutdown2.o(.ARM.Collect$$libshutdown$$0000000A)
    .ARM.Collect$$libshutdown$$0000000C      0x080001cc   Section        0  libshutdown2.o(.ARM.Collect$$libshutdown$$0000000C)
    .ARM.Collect$$libshutdown$$0000000F      0x080001cc   Section        0  libshutdown2.o(.ARM.Collect$$libshutdown$$0000000F)
    .ARM.Collect$$libshutdown$$00000010      0x080001cc   Section        2  libshutdown2.o(.ARM.Collect$$libshutdown$$00000010)
    .ARM.Collect$$rtentry$$00000000          0x080001ce   Section        0  __rtentry.o(.ARM.Collect$$rtentry$$00000000)
    .ARM.Collect$$rtentry$$00000002          0x080001ce   Section        0  __rtentry2.o(.ARM.Collect$$rtentry$$00000002)
    .ARM.Collect$$rtentry$$00000004          0x080001ce   Section        6  __rtentry4.o(.ARM.Collect$$rtentry$$00000004)
    .ARM.Collect$$rtentry$$00000009          0x080001d4   Section        0  __rtentry2.o(.ARM.Collect$$rtentry$$00000009)
    .ARM.Collect$$rtentry$$0000000A          0x080001d4   Section        4  __rtentry2.o(.ARM.Collect$$rtentry$$0000000A)
    .ARM.Collect$$rtentry$$0000000C          0x080001d8   Section        0  __rtentry2.o(.ARM.Collect$$rtentry$$0000000C)
    .ARM.Collect$$rtentry$$0000000D          0x080001d8   Section        8  __rtentry2.o(.ARM.Collect$$rtentry$$0000000D)
    .ARM.Collect$$rtexit$$00000000           0x080001e0   Section        2  rtexit.o(.ARM.Collect$$rtexit$$00000000)
    .ARM.Collect$$rtexit$$00000002           0x080001e2   Section        0  rtexit2.o(.ARM.Collect$$rtexit$$00000002)
    .ARM.Collect$$rtexit$$00000003           0x080001e2   Section        4  rtexit2.o(.ARM.Collect$$rtexit$$00000003)
    .ARM.Collect$$rtexit$$00000004           0x080001e6   Section        6  rtexit2.o(.ARM.Collect$$rtexit$$00000004)
    .emb_text                                0x080001ec   Section      150  port.o(.emb_text)
    .text                                    0x08000284   Section       64  startup_stm32f103xe.o(.text)
    .text                                    0x080002c4   Section        0  __2sprintf.o(.text)
    .text                                    0x080002f0   Section        0  _printf_dec.o(.text)
    .text                                    0x08000368   Section        0  __printf_ss.o(.text)
    .text                                    0x08000420   Section        0  atoi.o(.text)
    .text                                    0x0800043a   Section        0  strlen.o(.text)
    .text                                    0x08000478   Section        0  strncmp.o(.text)
    .text                                    0x0800050e   Section      138  rt_memcpy_v6.o(.text)
    .text                                    0x08000598   Section       16  aeabi_memset.o(.text)
    .text                                    0x080005a8   Section       78  rt_memclr_w.o(.text)
    .text                                    0x080005f6   Section       86  strncpy.o(.text)
    .text                                    0x0800064c   Section        0  heapauxi.o(.text)
    .text                                    0x08000654   Section        8  rt_errno_addr_intlibspace.o(.text)
    .text                                    0x0800065c   Section        0  _printf_intcommon.o(.text)
    .text                                    0x08000710   Section        0  _printf_char_common.o(.text)
    _printf_input_char                       0x08000711   Thumb Code    10  _printf_char_common.o(.text)
    .text                                    0x08000740   Section        0  _sputc.o(.text)
    .text                                    0x0800074a   Section        0  strtol.o(.text)
    .text                                    0x080007ba   Section      100  rt_memcpy_w.o(.text)
    .text                                    0x0800081e   Section       68  rt_memclr.o(.text)
    .text                                    0x08000864   Section        8  libspace.o(.text)
    .text                                    0x0800086c   Section       16  rt_ctype_table.o(.text)
    .text                                    0x0800087c   Section        0  _strtoul.o(.text)
    .text                                    0x0800091a   Section       74  sys_stackheap_outer.o(.text)
    .text                                    0x08000964   Section        8  rt_locale_intlibspace.o(.text)
    .text                                    0x0800096c   Section        0  _chval.o(.text)
    .text                                    0x08000988   Section        0  exit.o(.text)
    .text                                    0x0800099c   Section      128  strcmpv7m.o(.text)
    .text                                    0x08000a1c   Section        0  sys_exit.o(.text)
    .text                                    0x08000a28   Section        2  use_no_semi.o(.text)
    .text                                    0x08000a2a   Section        0  indicate_semi.o(.text)
    i.BusFault_Handler                       0x08000a2a   Section        0  stm32f1xx_it.o(i.BusFault_Handler)
    i.DebugMon_Handler                       0x08000a2c   Section        0  stm32f1xx_it.o(i.DebugMon_Handler)
    i.HAL_DMA_Abort                          0x08000a2e   Section        0  stm32f1xx_hal_dma.o(i.HAL_DMA_Abort)
    i.HAL_DMA_Abort_IT                       0x08000a74   Section        0  stm32f1xx_hal_dma.o(i.HAL_DMA_Abort_IT)
    i.HAL_GPIO_Init                          0x08000ba4   Section        0  stm32f1xx_hal_gpio.o(i.HAL_GPIO_Init)
    i.HAL_GPIO_WritePin                      0x08000d9c   Section        0  stm32f1xx_hal_gpio.o(i.HAL_GPIO_WritePin)
    i.HAL_GetTick                            0x08000da8   Section        0  stm32f1xx_hal.o(i.HAL_GetTick)
    i.HAL_IncTick                            0x08000db4   Section        0  stm32f1xx_hal.o(i.HAL_IncTick)
    i.HAL_Init                               0x08000dc4   Section        0  stm32f1xx_hal.o(i.HAL_Init)
    i.HAL_InitTick                           0x08000de8   Section        0  stm32f1xx_hal.o(i.HAL_InitTick)
    i.HAL_MspInit                            0x08000e28   Section        0  stm32f1xx_hal_msp.o(i.HAL_MspInit)
    i.HAL_NVIC_EnableIRQ                     0x08000e64   Section        0  stm32f1xx_hal_cortex.o(i.HAL_NVIC_EnableIRQ)
    i.HAL_NVIC_SetPriority                   0x08000e80   Section        0  stm32f1xx_hal_cortex.o(i.HAL_NVIC_SetPriority)
    i.HAL_NVIC_SetPriorityGrouping           0x08000ec0   Section        0  stm32f1xx_hal_cortex.o(i.HAL_NVIC_SetPriorityGrouping)
    i.HAL_RCC_ClockConfig                    0x08000ee4   Section        0  stm32f1xx_hal_rcc.o(i.HAL_RCC_ClockConfig)
    i.HAL_RCC_GetPCLK1Freq                   0x08001010   Section        0  stm32f1xx_hal_rcc.o(i.HAL_RCC_GetPCLK1Freq)
    i.HAL_RCC_GetPCLK2Freq                   0x08001030   Section        0  stm32f1xx_hal_rcc.o(i.HAL_RCC_GetPCLK2Freq)
    i.HAL_RCC_GetSysClockFreq                0x08001050   Section        0  stm32f1xx_hal_rcc.o(i.HAL_RCC_GetSysClockFreq)
    i.HAL_RCC_OscConfig                      0x0800109c   Section        0  stm32f1xx_hal_rcc.o(i.HAL_RCC_OscConfig)
    i.HAL_SYSTICK_Config                     0x080013bc   Section        0  stm32f1xx_hal_cortex.o(i.HAL_SYSTICK_Config)
    i.HAL_UARTEx_RxEventCallback             0x080013e4   Section        0  stm32f1xx_hal_uart.o(i.HAL_UARTEx_RxEventCallback)
    i.HAL_UART_ErrorCallback                 0x080013e6   Section        0  stm32f1xx_hal_uart.o(i.HAL_UART_ErrorCallback)
    i.HAL_UART_IRQHandler                    0x080013e8   Section        0  stm32f1xx_hal_uart.o(i.HAL_UART_IRQHandler)
    i.HAL_UART_Init                          0x08001654   Section        0  stm32f1xx_hal_uart.o(i.HAL_UART_Init)
    i.HAL_UART_MspInit                       0x080016b8   Section        0  stm32f1xx_hal_msp.o(i.HAL_UART_MspInit)
    i.HAL_UART_Receive_IT                    0x08001738   Section        0  stm32f1xx_hal_uart.o(i.HAL_UART_Receive_IT)
    i.HAL_UART_RxCpltCallback                0x08001754   Section        0  main.o(i.HAL_UART_RxCpltCallback)
    i.HAL_UART_Transmit                      0x080017c8   Section        0  stm32f1xx_hal_uart.o(i.HAL_UART_Transmit)
    i.HAL_UART_TxCpltCallback                0x08001868   Section        0  stm32f1xx_hal_uart.o(i.HAL_UART_TxCpltCallback)
    i.HardFault_Handler                      0x0800186a   Section        0  stm32f1xx_it.o(i.HardFault_Handler)
    i.MX_GPIO_Init                           0x0800186c   Section        0  main.o(i.MX_GPIO_Init)
    MX_GPIO_Init                             0x0800186d   Thumb Code   122  main.o(i.MX_GPIO_Init)
    i.MX_USART1_UART_Init                    0x080018f4   Section        0  main.o(i.MX_USART1_UART_Init)
    MX_USART1_UART_Init                      0x080018f5   Thumb Code    54  main.o(i.MX_USART1_UART_Init)
    i.MemManage_Handler                      0x08001934   Section        0  stm32f1xx_it.o(i.MemManage_Handler)
    i.NMI_Handler                            0x08001936   Section        0  stm32f1xx_it.o(i.NMI_Handler)
    i.SysTick_Handler                        0x08001938   Section        0  stm32f1xx_it.o(i.SysTick_Handler)
    i.SystemClock_Config                     0x08001950   Section        0  main.o(i.SystemClock_Config)
    i.SystemInit                             0x08001992   Section        0  system_stm32f1xx.o(i.SystemInit)
    i.TaskLed                                0x08001994   Section        0  main.o(i.TaskLed)
    TaskLed                                  0x08001995   Thumb Code    92  main.o(i.TaskLed)
    i.TaskUartRx                             0x080019f8   Section        0  main.o(i.TaskUartRx)
    TaskUartRx                               0x080019f9   Thumb Code   160  main.o(i.TaskUartRx)
    i.UART_DMAAbortOnError                   0x08001b20   Section        0  stm32f1xx_hal_uart.o(i.UART_DMAAbortOnError)
    UART_DMAAbortOnError                     0x08001b21   Thumb Code    16  stm32f1xx_hal_uart.o(i.UART_DMAAbortOnError)
    i.UART_EndRxTransfer                     0x08001b30   Section        0  stm32f1xx_hal_uart.o(i.UART_EndRxTransfer)
    UART_EndRxTransfer                       0x08001b31   Thumb Code    78  stm32f1xx_hal_uart.o(i.UART_EndRxTransfer)
    i.UART_Receive_IT                        0x08001b7e   Section        0  stm32f1xx_hal_uart.o(i.UART_Receive_IT)
    UART_Receive_IT                          0x08001b7f   Thumb Code   194  stm32f1xx_hal_uart.o(i.UART_Receive_IT)
    i.UART_SetConfig                         0x08001c40   Section        0  stm32f1xx_hal_uart.o(i.UART_SetConfig)
    UART_SetConfig                           0x08001c41   Thumb Code   178  stm32f1xx_hal_uart.o(i.UART_SetConfig)
    i.UART_Start_Receive_IT                  0x08001cf8   Section        0  stm32f1xx_hal_uart.o(i.UART_Start_Receive_IT)
    i.UART_WaitOnFlagUntilTimeout            0x08001d2e   Section        0  stm32f1xx_hal_uart.o(i.UART_WaitOnFlagUntilTimeout)
    UART_WaitOnFlagUntilTimeout              0x08001d2f   Thumb Code   114  stm32f1xx_hal_uart.o(i.UART_WaitOnFlagUntilTimeout)
    i.USART1_IRQHandler                      0x08001da0   Section        0  stm32f1xx_it.o(i.USART1_IRQHandler)
    i.UsageFault_Handler                     0x08001dac   Section        0  stm32f1xx_it.o(i.UsageFault_Handler)
    i.__NVIC_SetPriority                     0x08001dae   Section        0  stm32f1xx_hal_cortex.o(i.__NVIC_SetPriority)
    __NVIC_SetPriority                       0x08001daf   Thumb Code    32  stm32f1xx_hal_cortex.o(i.__NVIC_SetPriority)
    i.free                                   0x08001dd0   Section        0  heap_4.o(i.free)
    i.main                                   0x08001e14   Section        0  main.o(i.main)
    i.malloc                                 0x08001ecc   Section        0  heap_4.o(i.malloc)
    i.prvAddCurrentTaskToDelayedList         0x08001f78   Section        0  tasks.o(i.prvAddCurrentTaskToDelayedList)
    prvAddCurrentTaskToDelayedList           0x08001f79   Thumb Code    84  tasks.o(i.prvAddCurrentTaskToDelayedList)
    i.prvAddNewTaskToReadyList               0x08001fd4   Section        0  tasks.o(i.prvAddNewTaskToReadyList)
    prvAddNewTaskToReadyList                 0x08001fd5   Thumb Code   188  tasks.o(i.prvAddNewTaskToReadyList)
    i.prvCheckForValidListAndQueue           0x080020a0   Section        0  timers.o(i.prvCheckForValidListAndQueue)
    prvCheckForValidListAndQueue             0x080020a1   Thumb Code    62  timers.o(i.prvCheckForValidListAndQueue)
    i.prvCopyDataFromQueue                   0x080020f0   Section        0  queue.o(i.prvCopyDataFromQueue)
    prvCopyDataFromQueue                     0x080020f1   Thumb Code    38  queue.o(i.prvCopyDataFromQueue)
    i.prvCopyDataToQueue                     0x08002116   Section        0  queue.o(i.prvCopyDataToQueue)
    prvCopyDataToQueue                       0x08002117   Thumb Code   108  queue.o(i.prvCopyDataToQueue)
    i.prvDeleteTCB                           0x08002182   Section        0  tasks.o(i.prvDeleteTCB)
    prvDeleteTCB                             0x08002183   Thumb Code    20  tasks.o(i.prvDeleteTCB)
    i.prvHeapInit                            0x08002198   Section        0  heap_4.o(i.prvHeapInit)
    prvHeapInit                              0x08002199   Thumb Code    66  heap_4.o(i.prvHeapInit)
    i.prvIdleTask                            0x080021e4   Section        0  tasks.o(i.prvIdleTask)
    prvIdleTask                              0x080021e5   Thumb Code    82  tasks.o(i.prvIdleTask)
    i.prvInitialiseNewTask                   0x08002244   Section        0  tasks.o(i.prvInitialiseNewTask)
    prvInitialiseNewTask                     0x08002245   Thumb Code   160  tasks.o(i.prvInitialiseNewTask)
    i.prvInsertBlockIntoFreeList             0x080022e4   Section        0  heap_4.o(i.prvInsertBlockIntoFreeList)
    prvInsertBlockIntoFreeList               0x080022e5   Thumb Code    72  heap_4.o(i.prvInsertBlockIntoFreeList)
    i.prvInsertTimerInActiveList             0x08002330   Section        0  timers.o(i.prvInsertTimerInActiveList)
    prvInsertTimerInActiveList               0x08002331   Thumb Code    52  timers.o(i.prvInsertTimerInActiveList)
    i.prvIsQueueEmpty                        0x08002368   Section        0  queue.o(i.prvIsQueueEmpty)
    prvIsQueueEmpty                          0x08002369   Thumb Code    28  queue.o(i.prvIsQueueEmpty)
    i.prvProcessReceivedCommands             0x08002384   Section        0  timers.o(i.prvProcessReceivedCommands)
    prvProcessReceivedCommands               0x08002385   Thumb Code   214  timers.o(i.prvProcessReceivedCommands)
    i.prvProcessTimerOrBlockTask             0x08002460   Section        0  timers.o(i.prvProcessTimerOrBlockTask)
    prvProcessTimerOrBlockTask               0x08002461   Thumb Code   166  timers.o(i.prvProcessTimerOrBlockTask)
    i.prvResetNextTaskUnblockTime            0x08002510   Section        0  tasks.o(i.prvResetNextTaskUnblockTime)
    prvResetNextTaskUnblockTime              0x08002511   Thumb Code    26  tasks.o(i.prvResetNextTaskUnblockTime)
    i.prvSampleTimeNow                       0x08002530   Section        0  timers.o(i.prvSampleTimeNow)
    prvSampleTimeNow                         0x08002531   Thumb Code    36  timers.o(i.prvSampleTimeNow)
    i.prvSwitchTimerLists                    0x08002558   Section        0  timers.o(i.prvSwitchTimerLists)
    prvSwitchTimerLists                      0x08002559   Thumb Code    86  timers.o(i.prvSwitchTimerLists)
    i.prvTaskExitError                       0x080025b4   Section        0  port.o(i.prvTaskExitError)
    prvTaskExitError                         0x080025b5   Thumb Code    16  port.o(i.prvTaskExitError)
    i.prvTimerTask                           0x080025c4   Section        0  timers.o(i.prvTimerTask)
    prvTimerTask                             0x080025c5   Thumb Code    32  timers.o(i.prvTimerTask)
    i.prvUnlockQueue                         0x080025e8   Section        0  queue.o(i.prvUnlockQueue)
    prvUnlockQueue                           0x080025e9   Thumb Code   106  queue.o(i.prvUnlockQueue)
    i.pxPortInitialiseStack                  0x08002654   Section        0  port.o(i.pxPortInitialiseStack)
    i.uxListRemove                           0x08002678   Section        0  list.o(i.uxListRemove)
    i.vApplicationMallocFailedHook           0x0800269e   Section        0  main.o(i.vApplicationMallocFailedHook)
    i.vApplicationStackOverflowHook          0x080026a0   Section        0  main.o(i.vApplicationStackOverflowHook)
    i.vApplicationTickHook                   0x080026a2   Section        0  cmsis_os2.o(i.vApplicationTickHook)
    i.vListInitialise                        0x080026a4   Section        0  list.o(i.vListInitialise)
    i.vListInitialiseItem                    0x080026ba   Section        0  list.o(i.vListInitialiseItem)
    i.vListInsert                            0x080026c0   Section        0  list.o(i.vListInsert)
    i.vListInsertEnd                         0x080026f0   Section        0  list.o(i.vListInsertEnd)
    i.vPortEnterCritical                     0x08002708   Section        0  port.o(i.vPortEnterCritical)
    i.vPortExitCritical                      0x08002724   Section        0  port.o(i.vPortExitCritical)
    i.vPortSetupTimerInterrupt               0x08002738   Section        0  port.o(i.vPortSetupTimerInterrupt)
    i.vQueueAddToRegistry                    0x0800275c   Section        0  queue.o(i.vQueueAddToRegistry)
    i.vQueueWaitForMessageRestricted         0x08002784   Section        0  queue.o(i.vQueueWaitForMessageRestricted)
    i.vTaskDelayUntil                        0x080027c8   Section        0  tasks.o(i.vTaskDelayUntil)
    i.vTaskInternalSetTimeOutState           0x0800281c   Section        0  tasks.o(i.vTaskInternalSetTimeOutState)
    i.vTaskMissedYield                       0x0800282c   Section        0  tasks.o(i.vTaskMissedYield)
    i.vTaskPlaceOnEventList                  0x08002838   Section        0  tasks.o(i.vTaskPlaceOnEventList)
    i.vTaskPlaceOnEventListRestricted        0x08002858   Section        0  tasks.o(i.vTaskPlaceOnEventListRestricted)
    i.vTaskStartScheduler                    0x08002880   Section        0  tasks.o(i.vTaskStartScheduler)
    i.vTaskSuspendAll                        0x080028dc   Section        0  tasks.o(i.vTaskSuspendAll)
    i.vTaskSwitchContext                     0x080028ec   Section        0  tasks.o(i.vTaskSwitchContext)
    i.xPortStartScheduler                    0x08002968   Section        0  port.o(i.xPortStartScheduler)
    i.xPortSysTickHandler                    0x08002998   Section        0  port.o(i.xPortSysTickHandler)
    i.xQueueGenericCreate                    0x080029c4   Section        0  queue.o(i.xQueueGenericCreate)
    i.xQueueGenericReset                     0x080029f4   Section        0  queue.o(i.xQueueGenericReset)
    i.xQueueGenericSend                      0x08002a68   Section        0  queue.o(i.xQueueGenericSend)
    i.xQueueGenericSendFromISR               0x08002b60   Section        0  queue.o(i.xQueueGenericSendFromISR)
    i.xQueueReceive                          0x08002bc8   Section        0  queue.o(i.xQueueReceive)
    i.xTaskCheckForTimeOut                   0x08002cb8   Section        0  tasks.o(i.xTaskCheckForTimeOut)
    i.xTaskCreate                            0x08002d08   Section        0  tasks.o(i.xTaskCreate)
    i.xTaskGetSchedulerState                 0x08002d60   Section        0  tasks.o(i.xTaskGetSchedulerState)
    i.xTaskGetTickCount                      0x08002d7c   Section        0  tasks.o(i.xTaskGetTickCount)
    i.xTaskIncrementTick                     0x08002d88   Section        0  tasks.o(i.xTaskIncrementTick)
    i.xTaskPriorityDisinherit                0x08002e48   Section        0  tasks.o(i.xTaskPriorityDisinherit)
    i.xTaskRemoveFromEventList               0x08002e9c   Section        0  tasks.o(i.xTaskRemoveFromEventList)
    i.xTaskResumeAll                         0x08002ef8   Section        0  tasks.o(i.xTaskResumeAll)
    i.xTimerCreateTimerTask                  0x08002fa8   Section        0  timers.o(i.xTimerCreateTimerTask)
    i.xTimerGenericCommand                   0x08002fe4   Section        0  timers.o(i.xTimerGenericCommand)
    locale$$code                             0x08003034   Section       44  lc_ctype_c.o(locale$$code)
    .constdata                               0x08003060   Section       24  main.o(.constdata)
    leds                                     0x08003060   Data          24  main.o(.constdata)
    .constdata                               0x08003078   Section       18  stm32f1xx_hal_rcc.o(.constdata)
    aPredivFactorTable                       0x08003078   Data           2  stm32f1xx_hal_rcc.o(.constdata)
    aPLLMULFactorTable                       0x0800307a   Data          16  stm32f1xx_hal_rcc.o(.constdata)
    .constdata                               0x0800308a   Section       16  system_stm32f1xx.o(.constdata)
    .constdata                               0x0800309a   Section        8  system_stm32f1xx.o(.constdata)
    locale$$data                             0x080030c4   Section      272  lc_ctype_c.o(locale$$data)
    __lcctype_c_name                         0x080030c8   Data           2  lc_ctype_c.o(locale$$data)
    __lcctype_c_start                        0x080030d0   Data           0  lc_ctype_c.o(locale$$data)
    __lcctype_c_end                          0x080031d4   Data           0  lc_ctype_c.o(locale$$data)
    .data                                    0x20000000   Section       36  main.o(.data)
    rx_idx                                   0x20000000   Data           1  main.o(.data)
    rx_byte                                  0x20000001   Data           1  main.o(.data)
    hTaskUartRx                              0x20000004   Data           4  main.o(.data)
    hTaskLed1                                0x20000008   Data           4  main.o(.data)
    hTaskLed2                                0x2000000c   Data           4  main.o(.data)
    hTaskLed3                                0x20000010   Data           4  main.o(.data)
    hQueueCmd                                0x20000014   Data           4  main.o(.data)
    led_period                               0x20000018   Data          12  main.o(.data)
    .data                                    0x20000024   Section       12  stm32f1xx_hal.o(.data)
    .data                                    0x20000030   Section        4  system_stm32f1xx.o(.data)
    .data                                    0x20000034   Section       60  tasks.o(.data)
    uxDeletedTasksWaitingCleanUp             0x20000038   Data           4  tasks.o(.data)
    uxCurrentNumberOfTasks                   0x2000003c   Data           4  tasks.o(.data)
    xTickCount                               0x20000040   Data           4  tasks.o(.data)
    uxTopReadyPriority                       0x20000044   Data           4  tasks.o(.data)
    xSchedulerRunning                        0x20000048   Data           4  tasks.o(.data)
    xPendedTicks                             0x2000004c   Data           4  tasks.o(.data)
    xYieldPending                            0x20000050   Data           4  tasks.o(.data)
    xNumOfOverflows                          0x20000054   Data           4  tasks.o(.data)
    uxTaskNumber                             0x20000058   Data           4  tasks.o(.data)
    xNextTaskUnblockTime                     0x2000005c   Data           4  tasks.o(.data)
    xIdleTaskHandle                          0x20000060   Data           4  tasks.o(.data)
    uxSchedulerSuspended                     0x20000064   Data           4  tasks.o(.data)
    pxDelayedTaskList                        0x20000068   Data           4  tasks.o(.data)
    pxOverflowDelayedTaskList                0x2000006c   Data           4  tasks.o(.data)
    .data                                    0x20000070   Section       20  timers.o(.data)
    xTimerQueue                              0x20000070   Data           4  timers.o(.data)
    xTimerTaskHandle                         0x20000074   Data           4  timers.o(.data)
    xLastTime                                0x20000078   Data           4  timers.o(.data)
    pxCurrentTimerList                       0x2000007c   Data           4  timers.o(.data)
    pxOverflowTimerList                      0x20000080   Data           4  timers.o(.data)
    .data                                    0x20000084   Section        4  port.o(.data)
    uxCriticalNesting                        0x20000084   Data           4  port.o(.data)
    .data                                    0x20000088   Section       32  heap_4.o(.data)
    pxEnd                                    0x20000088   Data           4  heap_4.o(.data)
    xFreeBytesRemaining                      0x2000008c   Data           4  heap_4.o(.data)
    xMinimumEverFreeBytesRemaining           0x20000090   Data           4  heap_4.o(.data)
    xNumberOfSuccessfulAllocations           0x20000094   Data           4  heap_4.o(.data)
    xNumberOfSuccessfulFrees                 0x20000098   Data           4  heap_4.o(.data)
    xBlockAllocatedBit                       0x2000009c   Data           4  heap_4.o(.data)
    xStart                                   0x200000a0   Data           8  heap_4.o(.data)
    .bss                                     0x200000a8   Section      136  main.o(.bss)
    rx_buf                                   0x200000f0   Data          64  main.o(.bss)
    .bss                                     0x20000130   Section     1220  tasks.o(.bss)
    pxReadyTasksLists                        0x20000130   Data        1120  tasks.o(.bss)
    xDelayedTaskList1                        0x20000590   Data          20  tasks.o(.bss)
    xDelayedTaskList2                        0x200005a4   Data          20  tasks.o(.bss)
    xPendingReadyList                        0x200005b8   Data          20  tasks.o(.bss)
    xTasksWaitingTermination                 0x200005cc   Data          20  tasks.o(.bss)
    xSuspendedTaskList                       0x200005e0   Data          20  tasks.o(.bss)
    .bss                                     0x200005f4   Section       64  queue.o(.bss)
    .bss                                     0x20000634   Section       40  timers.o(.bss)
    xActiveTimerList1                        0x20000634   Data          20  timers.o(.bss)
    xActiveTimerList2                        0x20000648   Data          20  timers.o(.bss)
    .bss                                     0x2000065c   Section    10240  heap_4.o(.bss)
    ucHeap                                   0x2000065c   Data       10240  heap_4.o(.bss)
    .bss                                     0x20002e5c   Section       96  libspace.o(.bss)
    HEAP                                     0x20002ec0   Section      512  startup_stm32f103xe.o(HEAP)
    Heap_Mem                                 0x20002ec0   Data         512  startup_stm32f103xe.o(HEAP)
    STACK                                    0x200030c0   Section     1024  startup_stm32f103xe.o(STACK)
    Stack_Mem                                0x200030c0   Data        1024  startup_stm32f103xe.o(STACK)
    __initial_sp                             0x200034c0   Data           0  startup_stm32f103xe.o(STACK)

    Global Symbols

    Symbol Name                              Value     Ov Type        Size  Object(Section)

    BuildAttributes$$THM_ISAv4$P$D$K$B$S$PE$A:L22UL41UL21$X:L11$S22US41US21$IEEE1$IW$USESV6$~STKCKD$USESV7$~SHL$OSPACE$ROPI$EBA8$UX$STANDARDLIB$REQ8$PRES8$EABIv2 0x00000000   Number         0  anon$$obj.o ABSOLUTE
    __ARM_use_no_argv                        0x00000000   Number         0  main.o ABSOLUTE
    _printf_flags                            0x00000000   Number         0  printf_stubs.o ABSOLUTE
    _printf_return_value                     0x00000000   Number         0  printf_stubs.o ABSOLUTE
    _printf_sizespec                         0x00000000   Number         0  printf_stubs.o ABSOLUTE
    _printf_widthprec                        0x00000000   Number         0  printf_stubs.o ABSOLUTE
    __ARM_exceptions_init                     - Undefined Weak Reference
    __alloca_initialize                       - Undefined Weak Reference
    __arm_preinit_                            - Undefined Weak Reference
    __cpp_initialize__aeabi_                  - Undefined Weak Reference
    __cxa_finalize                            - Undefined Weak Reference
    __sigvec_lookup                           - Undefined Weak Reference
    _atexit_init                              - Undefined Weak Reference
    _call_atexit_fns                          - Undefined Weak Reference
    _clock_init                               - Undefined Weak Reference
    _fp_trap_init                             - Undefined Weak Reference
    _fp_trap_shutdown                         - Undefined Weak Reference
    _get_lc_collate                           - Undefined Weak Reference
    _get_lc_monetary                          - Undefined Weak Reference
    _get_lc_numeric                           - Undefined Weak Reference
    _get_lc_time                              - Undefined Weak Reference
    _getenv_init                              - Undefined Weak Reference
    _handle_redirection                       - Undefined Weak Reference
    _init_alloc                               - Undefined Weak Reference
    _init_user_alloc                          - Undefined Weak Reference
    _initio                                   - Undefined Weak Reference
    _printf_post_padding                      - Undefined Weak Reference
    _printf_pre_padding                       - Undefined Weak Reference
    _printf_truncate_signed                   - Undefined Weak Reference
    _printf_truncate_unsigned                 - Undefined Weak Reference
    _rand_init                                - Undefined Weak Reference
    _signal_finish                            - Undefined Weak Reference
    _signal_init                              - Undefined Weak Reference
    _terminate_alloc                          - Undefined Weak Reference
    _terminate_user_alloc                     - Undefined Weak Reference
    _terminateio                              - Undefined Weak Reference
    __Vectors_Size                           0x00000130   Number         0  startup_stm32f103xe.o ABSOLUTE
    __Vectors                                0x08000000   Data           4  startup_stm32f103xe.o(RESET)
    __Vectors_End                            0x08000130   Data           0  startup_stm32f103xe.o(RESET)
    __main                                   0x08000131   Thumb Code     8  __main.o(!!!main)
    __scatterload                            0x08000139   Thumb Code     0  __scatter.o(!!!scatter)
    __scatterload_rt2                        0x08000139   Thumb Code    44  __scatter.o(!!!scatter)
    __scatterload_rt2_thumb_only             0x08000139   Thumb Code     0  __scatter.o(!!!scatter)
    __scatterload_null                       0x08000147   Thumb Code     0  __scatter.o(!!!scatter)
    __scatterload_copy                       0x0800016d   Thumb Code    26  __scatter_copy.o(!!handler_copy)
    __scatterload_zeroinit                   0x08000189   Thumb Code    28  __scatter_zi.o(!!handler_zi)
    _printf_d                                0x080001a5   Thumb Code     0  _printf_d.o(.ARM.Collect$$_printf_percent$$00000009)
    _printf_percent                          0x080001a5   Thumb Code     0  _printf_percent.o(.ARM.Collect$$_printf_percent$$00000000)
    _printf_u                                0x080001ab   Thumb Code     0  _printf_u.o(.ARM.Collect$$_printf_percent$$0000000A)
    _printf_percent_end                      0x080001b1   Thumb Code     0  _printf_percent_end.o(.ARM.Collect$$_printf_percent$$00000017)
    __rt_lib_init                            0x080001b5   Thumb Code     0  libinit.o(.ARM.Collect$$libinit$$00000000)
    __rt_lib_init_fp_1                       0x080001b7   Thumb Code     0  libinit2.o(.ARM.Collect$$libinit$$00000002)
    __rt_lib_init_heap_1                     0x080001b7   Thumb Code     0  libinit2.o(.ARM.Collect$$libinit$$0000000A)
    __rt_lib_init_lc_common                  0x080001b7   Thumb Code     0  libinit2.o(.ARM.Collect$$libinit$$0000000F)
    __rt_lib_init_preinit_1                  0x080001b7   Thumb Code     0  libinit2.o(.ARM.Collect$$libinit$$00000004)
    __rt_lib_init_rand_1                     0x080001b7   Thumb Code     0  libinit2.o(.ARM.Collect$$libinit$$0000000E)
    __rt_lib_init_user_alloc_1               0x080001b7   Thumb Code     0  libinit2.o(.ARM.Collect$$libinit$$0000000C)
    __rt_lib_init_lc_collate_1               0x080001bd   Thumb Code     0  libinit2.o(.ARM.Collect$$libinit$$00000011)
    __rt_lib_init_lc_ctype_2                 0x080001bd   Thumb Code     0  libinit2.o(.ARM.Collect$$libinit$$00000012)
    __rt_lib_init_alloca_1                   0x080001c9   Thumb Code     0  libinit2.o(.ARM.Collect$$libinit$$0000002E)
    __rt_lib_init_argv_1                     0x080001c9   Thumb Code     0  libinit2.o(.ARM.Collect$$libinit$$0000002C)
    __rt_lib_init_atexit_1                   0x080001c9   Thumb Code     0  libinit2.o(.ARM.Collect$$libinit$$0000001B)
    __rt_lib_init_clock_1                    0x080001c9   Thumb Code     0  libinit2.o(.ARM.Collect$$libinit$$00000021)
    __rt_lib_init_cpp_1                      0x080001c9   Thumb Code     0  libinit2.o(.ARM.Collect$$libinit$$00000032)
    __rt_lib_init_exceptions_1               0x080001c9   Thumb Code     0  libinit2.o(.ARM.Collect$$libinit$$00000030)
    __rt_lib_init_fp_trap_1                  0x080001c9   Thumb Code     0  libinit2.o(.ARM.Collect$$libinit$$0000001F)
    __rt_lib_init_getenv_1                   0x080001c9   Thumb Code     0  libinit2.o(.ARM.Collect$$libinit$$00000023)
    __rt_lib_init_lc_ctype_1                 0x080001c9   Thumb Code     0  libinit2.o(.ARM.Collect$$libinit$$00000013)
    __rt_lib_init_lc_monetary_1              0x080001c9   Thumb Code     0  libinit2.o(.ARM.Collect$$libinit$$00000015)
    __rt_lib_init_lc_numeric_1               0x080001c9   Thumb Code     0  libinit2.o(.ARM.Collect$$libinit$$00000017)
    __rt_lib_init_lc_time_1                  0x080001c9   Thumb Code     0  libinit2.o(.ARM.Collect$$libinit$$00000019)
    __rt_lib_init_return                     0x080001c9   Thumb Code     0  libinit2.o(.ARM.Collect$$libinit$$00000033)
    __rt_lib_init_signal_1                   0x080001c9   Thumb Code     0  libinit2.o(.ARM.Collect$$libinit$$0000001D)
    __rt_lib_init_stdio_1                    0x080001c9   Thumb Code     0  libinit2.o(.ARM.Collect$$libinit$$00000025)
    __rt_lib_shutdown                        0x080001cb   Thumb Code     0  libshutdown.o(.ARM.Collect$$libshutdown$$00000000)
    __rt_lib_shutdown_cpp_1                  0x080001cd   Thumb Code     0  libshutdown2.o(.ARM.Collect$$libshutdown$$00000002)
    __rt_lib_shutdown_fp_trap_1              0x080001cd   Thumb Code     0  libshutdown2.o(.ARM.Collect$$libshutdown$$00000007)
    __rt_lib_shutdown_heap_1                 0x080001cd   Thumb Code     0  libshutdown2.o(.ARM.Collect$$libshutdown$$0000000F)
    __rt_lib_shutdown_return                 0x080001cd   Thumb Code     0  libshutdown2.o(.ARM.Collect$$libshutdown$$00000010)
    __rt_lib_shutdown_signal_1               0x080001cd   Thumb Code     0  libshutdown2.o(.ARM.Collect$$libshutdown$$0000000A)
    __rt_lib_shutdown_stdio_1                0x080001cd   Thumb Code     0  libshutdown2.o(.ARM.Collect$$libshutdown$$00000004)
    __rt_lib_shutdown_user_alloc_1           0x080001cd   Thumb Code     0  libshutdown2.o(.ARM.Collect$$libshutdown$$0000000C)
    __rt_entry                               0x080001cf   Thumb Code     0  __rtentry.o(.ARM.Collect$$rtentry$$00000000)
    __rt_entry_presh_1                       0x080001cf   Thumb Code     0  __rtentry2.o(.ARM.Collect$$rtentry$$00000002)
    __rt_entry_sh                            0x080001cf   Thumb Code     0  __rtentry4.o(.ARM.Collect$$rtentry$$00000004)
    __rt_entry_li                            0x080001d5   Thumb Code     0  __rtentry2.o(.ARM.Collect$$rtentry$$0000000A)
    __rt_entry_postsh_1                      0x080001d5   Thumb Code     0  __rtentry2.o(.ARM.Collect$$rtentry$$00000009)
    __rt_entry_main                          0x080001d9   Thumb Code     0  __rtentry2.o(.ARM.Collect$$rtentry$$0000000D)
    __rt_entry_postli_1                      0x080001d9   Thumb Code     0  __rtentry2.o(.ARM.Collect$$rtentry$$0000000C)
    __rt_exit                                0x080001e1   Thumb Code     0  rtexit.o(.ARM.Collect$$rtexit$$00000000)
    __rt_exit_ls                             0x080001e3   Thumb Code     0  rtexit2.o(.ARM.Collect$$rtexit$$00000003)
    __rt_exit_prels_1                        0x080001e3   Thumb Code     0  rtexit2.o(.ARM.Collect$$rtexit$$00000002)
    __rt_exit_exit                           0x080001e7   Thumb Code     0  rtexit2.o(.ARM.Collect$$rtexit$$00000004)
    SVC_Handler                              0x080001ed   Thumb Code    32  port.o(.emb_text)
    __asm___6_port_c_39a90d8d__prvStartFirstTask 0x08000211   Thumb Code    28  port.o(.emb_text)
    PendSV_Handler                           0x08000231   Thumb Code    72  port.o(.emb_text)
    vPortGetIPSR                             0x0800027d   Thumb Code     6  port.o(.emb_text)
    Reset_Handler                            0x08000285   Thumb Code     8  startup_stm32f103xe.o(.text)
    ADC1_2_IRQHandler                        0x0800029f   Thumb Code     0  startup_stm32f103xe.o(.text)
    ADC3_IRQHandler                          0x0800029f   Thumb Code     0  startup_stm32f103xe.o(.text)
    CAN1_RX1_IRQHandler                      0x0800029f   Thumb Code     0  startup_stm32f103xe.o(.text)
    CAN1_SCE_IRQHandler                      0x0800029f   Thumb Code     0  startup_stm32f103xe.o(.text)
    DMA1_Channel1_IRQHandler                 0x0800029f   Thumb Code     0  startup_stm32f103xe.o(.text)
    DMA1_Channel2_IRQHandler                 0x0800029f   Thumb Code     0  startup_stm32f103xe.o(.text)
    DMA1_Channel3_IRQHandler                 0x0800029f   Thumb Code     0  startup_stm32f103xe.o(.text)
    DMA1_Channel4_IRQHandler                 0x0800029f   Thumb Code     0  startup_stm32f103xe.o(.text)
    DMA1_Channel5_IRQHandler                 0x0800029f   Thumb Code     0  startup_stm32f103xe.o(.text)
    DMA1_Channel6_IRQHandler                 0x0800029f   Thumb Code     0  startup_stm32f103xe.o(.text)
    DMA1_Channel7_IRQHandler                 0x0800029f   Thumb Code     0  startup_stm32f103xe.o(.text)
    DMA2_Channel1_IRQHandler                 0x0800029f   Thumb Code     0  startup_stm32f103xe.o(.text)
    DMA2_Channel2_IRQHandler                 0x0800029f   Thumb Code     0  startup_stm32f103xe.o(.text)
    DMA2_Channel3_IRQHandler                 0x0800029f   Thumb Code     0  startup_stm32f103xe.o(.text)
    DMA2_Channel4_5_IRQHandler               0x0800029f   Thumb Code     0  startup_stm32f103xe.o(.text)
    EXTI0_IRQHandler                         0x0800029f   Thumb Code     0  startup_stm32f103xe.o(.text)
    EXTI15_10_IRQHandler                     0x0800029f   Thumb Code     0  startup_stm32f103xe.o(.text)
    EXTI1_IRQHandler                         0x0800029f   Thumb Code     0  startup_stm32f103xe.o(.text)
    EXTI2_IRQHandler                         0x0800029f   Thumb Code     0  startup_stm32f103xe.o(.text)
    EXTI3_IRQHandler                         0x0800029f   Thumb Code     0  startup_stm32f103xe.o(.text)
    EXTI4_IRQHandler                         0x0800029f   Thumb Code     0  startup_stm32f103xe.o(.text)
    EXTI9_5_IRQHandler                       0x0800029f   Thumb Code     0  startup_stm32f103xe.o(.text)
    FLASH_IRQHandler                         0x0800029f   Thumb Code     0  startup_stm32f103xe.o(.text)
    FSMC_IRQHandler                          0x0800029f   Thumb Code     0  startup_stm32f103xe.o(.text)
    I2C1_ER_IRQHandler                       0x0800029f   Thumb Code     0  startup_stm32f103xe.o(.text)
    I2C1_EV_IRQHandler                       0x0800029f   Thumb Code     0  startup_stm32f103xe.o(.text)
    I2C2_ER_IRQHandler                       0x0800029f   Thumb Code     0  startup_stm32f103xe.o(.text)
    I2C2_EV_IRQHandler                       0x0800029f   Thumb Code     0  startup_stm32f103xe.o(.text)
    PVD_IRQHandler                           0x0800029f   Thumb Code     0  startup_stm32f103xe.o(.text)
    RCC_IRQHandler                           0x0800029f   Thumb Code     0  startup_stm32f103xe.o(.text)
    RTC_Alarm_IRQHandler                     0x0800029f   Thumb Code     0  startup_stm32f103xe.o(.text)
    RTC_IRQHandler                           0x0800029f   Thumb Code     0  startup_stm32f103xe.o(.text)
    SDIO_IRQHandler                          0x0800029f   Thumb Code     0  startup_stm32f103xe.o(.text)
    SPI1_IRQHandler                          0x0800029f   Thumb Code     0  startup_stm32f103xe.o(.text)
    SPI2_IRQHandler                          0x0800029f   Thumb Code     0  startup_stm32f103xe.o(.text)
    SPI3_IRQHandler                          0x0800029f   Thumb Code     0  startup_stm32f103xe.o(.text)
    TAMPER_IRQHandler                        0x0800029f   Thumb Code     0  startup_stm32f103xe.o(.text)
    TIM1_BRK_IRQHandler                      0x0800029f   Thumb Code     0  startup_stm32f103xe.o(.text)
    TIM1_CC_IRQHandler                       0x0800029f   Thumb Code     0  startup_stm32f103xe.o(.text)
    TIM1_TRG_COM_IRQHandler                  0x0800029f   Thumb Code     0  startup_stm32f103xe.o(.text)
    TIM1_UP_IRQHandler                       0x0800029f   Thumb Code     0  startup_stm32f103xe.o(.text)
    TIM2_IRQHandler                          0x0800029f   Thumb Code     0  startup_stm32f103xe.o(.text)
    TIM3_IRQHandler                          0x0800029f   Thumb Code     0  startup_stm32f103xe.o(.text)
    TIM4_IRQHandler                          0x0800029f   Thumb Code     0  startup_stm32f103xe.o(.text)
    TIM5_IRQHandler                          0x0800029f   Thumb Code     0  startup_stm32f103xe.o(.text)
    TIM6_IRQHandler                          0x0800029f   Thumb Code     0  startup_stm32f103xe.o(.text)
    TIM7_IRQHandler                          0x0800029f   Thumb Code     0  startup_stm32f103xe.o(.text)
    TIM8_BRK_IRQHandler                      0x0800029f   Thumb Code     0  startup_stm32f103xe.o(.text)
    TIM8_CC_IRQHandler                       0x0800029f   Thumb Code     0  startup_stm32f103xe.o(.text)
    TIM8_TRG_COM_IRQHandler                  0x0800029f   Thumb Code     0  startup_stm32f103xe.o(.text)
    TIM8_UP_IRQHandler                       0x0800029f   Thumb Code     0  startup_stm32f103xe.o(.text)
    UART4_IRQHandler                         0x0800029f   Thumb Code     0  startup_stm32f103xe.o(.text)
    UART5_IRQHandler                         0x0800029f   Thumb Code     0  startup_stm32f103xe.o(.text)
    USART2_IRQHandler                        0x0800029f   Thumb Code     0  startup_stm32f103xe.o(.text)
    USART3_IRQHandler                        0x0800029f   Thumb Code     0  startup_stm32f103xe.o(.text)
    USBWakeUp_IRQHandler                     0x0800029f   Thumb Code     0  startup_stm32f103xe.o(.text)
    USB_HP_CAN1_TX_IRQHandler                0x0800029f   Thumb Code     0  startup_stm32f103xe.o(.text)
    USB_LP_CAN1_RX0_IRQHandler               0x0800029f   Thumb Code     0  startup_stm32f103xe.o(.text)
    WWDG_IRQHandler                          0x0800029f   Thumb Code     0  startup_stm32f103xe.o(.text)
    __user_initial_stackheap                 0x080002a1   Thumb Code     0  startup_stm32f103xe.o(.text)
    __2sprintf                               0x080002c5   Thumb Code    38  __2sprintf.o(.text)
    _printf_int_dec                          0x080002f1   Thumb Code   104  _printf_dec.o(.text)
    __printf                                 0x08000369   Thumb Code   184  __printf_ss.o(.text)
    atoi                                     0x08000421   Thumb Code    26  atoi.o(.text)
    strlen                                   0x0800043b   Thumb Code    62  strlen.o(.text)
    strncmp                                  0x08000479   Thumb Code   150  strncmp.o(.text)
    __aeabi_memcpy                           0x0800050f   Thumb Code     0  rt_memcpy_v6.o(.text)
    __rt_memcpy                              0x0800050f   Thumb Code   138  rt_memcpy_v6.o(.text)
    _memcpy_lastbytes                        0x08000575   Thumb Code     0  rt_memcpy_v6.o(.text)
    __aeabi_memset                           0x08000599   Thumb Code    16  aeabi_memset.o(.text)
    __aeabi_memclr4                          0x080005a9   Thumb Code     0  rt_memclr_w.o(.text)
    __aeabi_memclr8                          0x080005a9   Thumb Code     0  rt_memclr_w.o(.text)
    __rt_memclr_w                            0x080005a9   Thumb Code    78  rt_memclr_w.o(.text)
    _memset_w                                0x080005ad   Thumb Code     0  rt_memclr_w.o(.text)
    strncpy                                  0x080005f7   Thumb Code    86  strncpy.o(.text)
    __use_two_region_memory                  0x0800064d   Thumb Code     2  heapauxi.o(.text)
    __rt_heap_escrow$2region                 0x0800064f   Thumb Code     2  heapauxi.o(.text)
    __rt_heap_expand$2region                 0x08000651   Thumb Code     2  heapauxi.o(.text)
    __aeabi_errno_addr                       0x08000655   Thumb Code     8  rt_errno_addr_intlibspace.o(.text)
    __errno$intlibspace                      0x08000655   Thumb Code     0  rt_errno_addr_intlibspace.o(.text)
    __rt_errno_addr$intlibspace              0x08000655   Thumb Code     0  rt_errno_addr_intlibspace.o(.text)
    _printf_int_common                       0x0800065d   Thumb Code   178  _printf_intcommon.o(.text)
    _printf_char_common                      0x0800071b   Thumb Code    32  _printf_char_common.o(.text)
    _sputc                                   0x08000741   Thumb Code    10  _sputc.o(.text)
    strtol                                   0x0800074b   Thumb Code   112  strtol.o(.text)
    __aeabi_memcpy4                          0x080007bb   Thumb Code     0  rt_memcpy_w.o(.text)
    __aeabi_memcpy8                          0x080007bb   Thumb Code     0  rt_memcpy_w.o(.text)
    __rt_memcpy_w                            0x080007bb   Thumb Code   100  rt_memcpy_w.o(.text)
    _memcpy_lastbytes_aligned                0x08000803   Thumb Code     0  rt_memcpy_w.o(.text)
    __aeabi_memclr                           0x0800081f   Thumb Code     0  rt_memclr.o(.text)
    __rt_memclr                              0x0800081f   Thumb Code    68  rt_memclr.o(.text)
    _memset                                  0x08000823   Thumb Code     0  rt_memclr.o(.text)
    __user_libspace                          0x08000865   Thumb Code     8  libspace.o(.text)
    __user_perproc_libspace                  0x08000865   Thumb Code     0  libspace.o(.text)
    __user_perthread_libspace                0x08000865   Thumb Code     0  libspace.o(.text)
    __rt_ctype_table                         0x0800086d   Thumb Code    16  rt_ctype_table.o(.text)
    _strtoul                                 0x0800087d   Thumb Code   158  _strtoul.o(.text)
    __user_setup_stackheap                   0x0800091b   Thumb Code    74  sys_stackheap_outer.o(.text)
    __rt_locale                              0x08000965   Thumb Code     8  rt_locale_intlibspace.o(.text)
    _chval                                   0x0800096d   Thumb Code    28  _chval.o(.text)
    exit                                     0x08000989   Thumb Code    18  exit.o(.text)
    strcmp                                   0x0800099d   Thumb Code   128  strcmpv7m.o(.text)
    _sys_exit                                0x08000a1d   Thumb Code     8  sys_exit.o(.text)
    __I$use$semihosting                      0x08000a29   Thumb Code     0  use_no_semi.o(.text)
    __use_no_semihosting_swi                 0x08000a29   Thumb Code     2  use_no_semi.o(.text)
    BusFault_Handler                         0x08000a2b   Thumb Code     2  stm32f1xx_it.o(i.BusFault_Handler)
    __semihosting_library_function           0x08000a2b   Thumb Code     0  indicate_semi.o(.text)
    DebugMon_Handler                         0x08000a2d   Thumb Code     2  stm32f1xx_it.o(i.DebugMon_Handler)
    HAL_DMA_Abort                            0x08000a2f   Thumb Code    70  stm32f1xx_hal_dma.o(i.HAL_DMA_Abort)
    HAL_DMA_Abort_IT                         0x08000a75   Thumb Code   296  stm32f1xx_hal_dma.o(i.HAL_DMA_Abort_IT)
    HAL_GPIO_Init                            0x08000ba5   Thumb Code   462  stm32f1xx_hal_gpio.o(i.HAL_GPIO_Init)
    HAL_GPIO_WritePin                        0x08000d9d   Thumb Code    10  stm32f1xx_hal_gpio.o(i.HAL_GPIO_WritePin)
    HAL_GetTick                              0x08000da9   Thumb Code     6  stm32f1xx_hal.o(i.HAL_GetTick)
    HAL_IncTick                              0x08000db5   Thumb Code    12  stm32f1xx_hal.o(i.HAL_IncTick)
    HAL_Init                                 0x08000dc5   Thumb Code    32  stm32f1xx_hal.o(i.HAL_Init)
    HAL_InitTick                             0x08000de9   Thumb Code    54  stm32f1xx_hal.o(i.HAL_InitTick)
    HAL_MspInit                              0x08000e29   Thumb Code    52  stm32f1xx_hal_msp.o(i.HAL_MspInit)
    HAL_NVIC_EnableIRQ                       0x08000e65   Thumb Code    26  stm32f1xx_hal_cortex.o(i.HAL_NVIC_EnableIRQ)
    HAL_NVIC_SetPriority                     0x08000e81   Thumb Code    60  stm32f1xx_hal_cortex.o(i.HAL_NVIC_SetPriority)
    HAL_NVIC_SetPriorityGrouping             0x08000ec1   Thumb Code    26  stm32f1xx_hal_cortex.o(i.HAL_NVIC_SetPriorityGrouping)
    HAL_RCC_ClockConfig                      0x08000ee5   Thumb Code   280  stm32f1xx_hal_rcc.o(i.HAL_RCC_ClockConfig)
    HAL_RCC_GetPCLK1Freq                     0x08001011   Thumb Code    20  stm32f1xx_hal_rcc.o(i.HAL_RCC_GetPCLK1Freq)
    HAL_RCC_GetPCLK2Freq                     0x08001031   Thumb Code    20  stm32f1xx_hal_rcc.o(i.HAL_RCC_GetPCLK2Freq)
    HAL_RCC_GetSysClockFreq                  0x08001051   Thumb Code    58  stm32f1xx_hal_rcc.o(i.HAL_RCC_GetSysClockFreq)
    HAL_RCC_OscConfig                        0x0800109d   Thumb Code   778  stm32f1xx_hal_rcc.o(i.HAL_RCC_OscConfig)
    HAL_SYSTICK_Config                       0x080013bd   Thumb Code    40  stm32f1xx_hal_cortex.o(i.HAL_SYSTICK_Config)
    HAL_UARTEx_RxEventCallback               0x080013e5   Thumb Code     2  stm32f1xx_hal_uart.o(i.HAL_UARTEx_RxEventCallback)
    HAL_UART_ErrorCallback                   0x080013e7   Thumb Code     2  stm32f1xx_hal_uart.o(i.HAL_UART_ErrorCallback)
    HAL_UART_IRQHandler                      0x080013e9   Thumb Code   616  stm32f1xx_hal_uart.o(i.HAL_UART_IRQHandler)
    HAL_UART_Init                            0x08001655   Thumb Code   100  stm32f1xx_hal_uart.o(i.HAL_UART_Init)
    HAL_UART_MspInit                         0x080016b9   Thumb Code   116  stm32f1xx_hal_msp.o(i.HAL_UART_MspInit)
    HAL_UART_Receive_IT                      0x08001739   Thumb Code    28  stm32f1xx_hal_uart.o(i.HAL_UART_Receive_IT)
    HAL_UART_RxCpltCallback                  0x08001755   Thumb Code   102  main.o(i.HAL_UART_RxCpltCallback)
    HAL_UART_Transmit                        0x080017c9   Thumb Code   160  stm32f1xx_hal_uart.o(i.HAL_UART_Transmit)
    HAL_UART_TxCpltCallback                  0x08001869   Thumb Code     2  stm32f1xx_hal_uart.o(i.HAL_UART_TxCpltCallback)
    HardFault_Handler                        0x0800186b   Thumb Code     2  stm32f1xx_it.o(i.HardFault_Handler)
    MemManage_Handler                        0x08001935   Thumb Code     2  stm32f1xx_it.o(i.MemManage_Handler)
    NMI_Handler                              0x08001937   Thumb Code     2  stm32f1xx_it.o(i.NMI_Handler)
    SysTick_Handler                          0x08001939   Thumb Code    24  stm32f1xx_it.o(i.SysTick_Handler)
    SystemClock_Config                       0x08001951   Thumb Code    66  main.o(i.SystemClock_Config)
    SystemInit                               0x08001993   Thumb Code     2  system_stm32f1xx.o(i.SystemInit)
    UART_Start_Receive_IT                    0x08001cf9   Thumb Code    54  stm32f1xx_hal_uart.o(i.UART_Start_Receive_IT)
    USART1_IRQHandler                        0x08001da1   Thumb Code     6  stm32f1xx_it.o(i.USART1_IRQHandler)
    UsageFault_Handler                       0x08001dad   Thumb Code     2  stm32f1xx_it.o(i.UsageFault_Handler)
    free                                     0x08001dd1   Thumb Code    64  heap_4.o(i.free)
    main                                     0x08001e15   Thumb Code   134  main.o(i.main)
    malloc                                   0x08001ecd   Thumb Code   166  heap_4.o(i.malloc)
    pxPortInitialiseStack                    0x08002655   Thumb Code    32  port.o(i.pxPortInitialiseStack)
    uxListRemove                             0x08002679   Thumb Code    38  list.o(i.uxListRemove)
    vApplicationMallocFailedHook             0x0800269f   Thumb Code     2  main.o(i.vApplicationMallocFailedHook)
    vApplicationStackOverflowHook            0x080026a1   Thumb Code     2  main.o(i.vApplicationStackOverflowHook)
    vApplicationTickHook                     0x080026a3   Thumb Code     2  cmsis_os2.o(i.vApplicationTickHook)
    vListInitialise                          0x080026a5   Thumb Code    22  list.o(i.vListInitialise)
    vListInitialiseItem                      0x080026bb   Thumb Code     6  list.o(i.vListInitialiseItem)
    vListInsert                              0x080026c1   Thumb Code    48  list.o(i.vListInsert)
    vListInsertEnd                           0x080026f1   Thumb Code    24  list.o(i.vListInsertEnd)
    vPortEnterCritical                       0x08002709   Thumb Code    24  port.o(i.vPortEnterCritical)
    vPortExitCritical                        0x08002725   Thumb Code    16  port.o(i.vPortExitCritical)
    vPortSetupTimerInterrupt                 0x08002739   Thumb Code    32  port.o(i.vPortSetupTimerInterrupt)
    vQueueAddToRegistry                      0x0800275d   Thumb Code    34  queue.o(i.vQueueAddToRegistry)
    vQueueWaitForMessageRestricted           0x08002785   Thumb Code    68  queue.o(i.vQueueWaitForMessageRestricted)
    vTaskDelayUntil                          0x080027c9   Thumb Code    76  tasks.o(i.vTaskDelayUntil)
    vTaskInternalSetTimeOutState             0x0800281d   Thumb Code    12  tasks.o(i.vTaskInternalSetTimeOutState)
    vTaskMissedYield                         0x0800282d   Thumb Code     8  tasks.o(i.vTaskMissedYield)
    vTaskPlaceOnEventList                    0x08002839   Thumb Code    26  tasks.o(i.vTaskPlaceOnEventList)
    vTaskPlaceOnEventListRestricted          0x08002859   Thumb Code    34  tasks.o(i.vTaskPlaceOnEventListRestricted)
    vTaskStartScheduler                      0x08002881   Thumb Code    74  tasks.o(i.vTaskStartScheduler)
    vTaskSuspendAll                          0x080028dd   Thumb Code    10  tasks.o(i.vTaskSuspendAll)
    vTaskSwitchContext                       0x080028ed   Thumb Code   114  tasks.o(i.vTaskSwitchContext)
    xPortStartScheduler                      0x08002969   Thumb Code    38  port.o(i.xPortStartScheduler)
    xPortSysTickHandler                      0x08002999   Thumb Code    38  port.o(i.xPortSysTickHandler)
    xQueueGenericCreate                      0x080029c5   Thumb Code    46  queue.o(i.xQueueGenericCreate)
    xQueueGenericReset                       0x080029f5   Thumb Code   112  queue.o(i.xQueueGenericReset)
    xQueueGenericSend                        0x08002a69   Thumb Code   242  queue.o(i.xQueueGenericSend)
    xQueueGenericSendFromISR                 0x08002b61   Thumb Code   104  queue.o(i.xQueueGenericSendFromISR)
    xQueueReceive                            0x08002bc9   Thumb Code   236  queue.o(i.xQueueReceive)
    xTaskCheckForTimeOut                     0x08002cb9   Thumb Code    76  tasks.o(i.xTaskCheckForTimeOut)
    xTaskCreate                              0x08002d09   Thumb Code    86  tasks.o(i.xTaskCreate)
    xTaskGetSchedulerState                   0x08002d61   Thumb Code    22  tasks.o(i.xTaskGetSchedulerState)
    xTaskGetTickCount                        0x08002d7d   Thumb Code     6  tasks.o(i.xTaskGetTickCount)
    xTaskIncrementTick                       0x08002d89   Thumb Code   184  tasks.o(i.xTaskIncrementTick)
    xTaskPriorityDisinherit                  0x08002e49   Thumb Code    76  tasks.o(i.xTaskPriorityDisinherit)
    xTaskRemoveFromEventList                 0x08002e9d   Thumb Code    80  tasks.o(i.xTaskRemoveFromEventList)
    xTaskResumeAll                           0x08002ef9   Thumb Code   162  tasks.o(i.xTaskResumeAll)
    xTimerCreateTimerTask                    0x08002fa9   Thumb Code    42  timers.o(i.xTimerCreateTimerTask)
    xTimerGenericCommand                     0x08002fe5   Thumb Code    74  timers.o(i.xTimerGenericCommand)
    _get_lc_ctype                            0x08003035   Thumb Code    44  lc_ctype_c.o(locale$$code)
    AHBPrescTable                            0x0800308a   Data          16  system_stm32f1xx.o(.constdata)
    APBPrescTable                            0x0800309a   Data           8  system_stm32f1xx.o(.constdata)
    Region$$Table$$Base                      0x080030a4   Number         0  anon$$obj.o(Region$$Table)
    Region$$Table$$Limit                     0x080030c4   Number         0  anon$$obj.o(Region$$Table)
    __ctype                                  0x080030d1   Data           0  lc_ctype_c.o(locale$$data)
    uwTickFreq                               0x20000024   Data           1  stm32f1xx_hal.o(.data)
    uwTickPrio                               0x20000028   Data           4  stm32f1xx_hal.o(.data)
    uwTick                                   0x2000002c   Data           4  stm32f1xx_hal.o(.data)
    SystemCoreClock                          0x20000030   Data           4  system_stm32f1xx.o(.data)
    pxCurrentTCB                             0x20000034   Data           4  tasks.o(.data)
    huart1                                   0x200000a8   Data          72  main.o(.bss)
    xQueueRegistry                           0x200005f4   Data          64  queue.o(.bss)
    __libspace_start                         0x20002e5c   Data          96  libspace.o(.bss)
    __temporary_stack_top$libspace           0x20002ebc   Data           0  libspace.o(.bss)



==============================================================================

Memory Map of the image

  Image Entry point : 0x08000131

  Load Region LR_IROM1 (Base: 0x08000000, Size: 0x0000327c, Max: 0x00080000, ABSOLUTE)

    Execution Region ER_IROM1 (Exec base: 0x08000000, Load base: 0x08000000, Size: 0x000031d4, Max: 0x00080000, ABSOLUTE)

    Exec Addr    Load Addr    Size         Type   Attr      Idx    E Section Name        Object

    0x08000000   0x08000000   0x00000130   Data   RO            3    RESET               startup_stm32f103xe.o
    0x08000130   0x08000130   0x00000008   Code   RO         3357  * !!!main             c_w.l(__main.o)
    0x08000138   0x08000138   0x00000034   Code   RO         3550    !!!scatter          c_w.l(__scatter.o)
    0x0800016c   0x0800016c   0x0000001a   Code   RO         3552    !!handler_copy      c_w.l(__scatter_copy.o)
    0x08000186   0x08000186   0x00000002   PAD
    0x08000188   0x08000188   0x0000001c   Code   RO         3554    !!handler_zi        c_w.l(__scatter_zi.o)
    0x080001a4   0x080001a4   0x00000000   Code   RO         3340    .ARM.Collect$$_printf_percent$$00000000  c_w.l(_printf_percent.o)
    0x080001a4   0x080001a4   0x00000006   Code   RO         3338    .ARM.Collect$$_printf_percent$$00000009  c_w.l(_printf_d.o)
    0x080001aa   0x080001aa   0x00000006   Code   RO         3339    .ARM.Collect$$_printf_percent$$0000000A  c_w.l(_printf_u.o)
    0x080001b0   0x080001b0   0x00000004   Code   RO         3371    .ARM.Collect$$_printf_percent$$00000017  c_w.l(_printf_percent_end.o)
    0x080001b4   0x080001b4   0x00000002   Code   RO         3421    .ARM.Collect$$libinit$$00000000  c_w.l(libinit.o)
    0x080001b6   0x080001b6   0x00000000   Code   RO         3427    .ARM.Collect$$libinit$$00000002  c_w.l(libinit2.o)
    0x080001b6   0x080001b6   0x00000000   Code   RO         3429    .ARM.Collect$$libinit$$00000004  c_w.l(libinit2.o)
    0x080001b6   0x080001b6   0x00000000   Code   RO         3432    .ARM.Collect$$libinit$$0000000A  c_w.l(libinit2.o)
    0x080001b6   0x080001b6   0x00000000   Code   RO         3434    .ARM.Collect$$libinit$$0000000C  c_w.l(libinit2.o)
    0x080001b6   0x080001b6   0x00000000   Code   RO         3436    .ARM.Collect$$libinit$$0000000E  c_w.l(libinit2.o)
    0x080001b6   0x080001b6   0x00000006   Code   RO         3437    .ARM.Collect$$libinit$$0000000F  c_w.l(libinit2.o)
    0x080001bc   0x080001bc   0x00000000   Code   RO         3439    .ARM.Collect$$libinit$$00000011  c_w.l(libinit2.o)
    0x080001bc   0x080001bc   0x0000000c   Code   RO         3440    .ARM.Collect$$libinit$$00000012  c_w.l(libinit2.o)
    0x080001c8   0x080001c8   0x00000000   Code   RO         3441    .ARM.Collect$$libinit$$00000013  c_w.l(libinit2.o)
    0x080001c8   0x080001c8   0x00000000   Code   RO         3443    .ARM.Collect$$libinit$$00000015  c_w.l(libinit2.o)
    0x080001c8   0x080001c8   0x00000000   Code   RO         3445    .ARM.Collect$$libinit$$00000017  c_w.l(libinit2.o)
    0x080001c8   0x080001c8   0x00000000   Code   RO         3447    .ARM.Collect$$libinit$$00000019  c_w.l(libinit2.o)
    0x080001c8   0x080001c8   0x00000000   Code   RO         3449    .ARM.Collect$$libinit$$0000001B  c_w.l(libinit2.o)
    0x080001c8   0x080001c8   0x00000000   Code   RO         3451    .ARM.Collect$$libinit$$0000001D  c_w.l(libinit2.o)
    0x080001c8   0x080001c8   0x00000000   Code   RO         3453    .ARM.Collect$$libinit$$0000001F  c_w.l(libinit2.o)
    0x080001c8   0x080001c8   0x00000000   Code   RO         3455    .ARM.Collect$$libinit$$00000021  c_w.l(libinit2.o)
    0x080001c8   0x080001c8   0x00000000   Code   RO         3457    .ARM.Collect$$libinit$$00000023  c_w.l(libinit2.o)
    0x080001c8   0x080001c8   0x00000000   Code   RO         3459    .ARM.Collect$$libinit$$00000025  c_w.l(libinit2.o)
    0x080001c8   0x080001c8   0x00000000   Code   RO         3463    .ARM.Collect$$libinit$$0000002C  c_w.l(libinit2.o)
    0x080001c8   0x080001c8   0x00000000   Code   RO         3465    .ARM.Collect$$libinit$$0000002E  c_w.l(libinit2.o)
    0x080001c8   0x080001c8   0x00000000   Code   RO         3467    .ARM.Collect$$libinit$$00000030  c_w.l(libinit2.o)
    0x080001c8   0x080001c8   0x00000000   Code   RO         3469    .ARM.Collect$$libinit$$00000032  c_w.l(libinit2.o)
    0x080001c8   0x080001c8   0x00000002   Code   RO         3470    .ARM.Collect$$libinit$$00000033  c_w.l(libinit2.o)
    0x080001ca   0x080001ca   0x00000002   Code   RO         3490    .ARM.Collect$$libshutdown$$00000000  c_w.l(libshutdown.o)
    0x080001cc   0x080001cc   0x00000000   Code   RO         3503    .ARM.Collect$$libshutdown$$00000002  c_w.l(libshutdown2.o)
    0x080001cc   0x080001cc   0x00000000   Code   RO         3505    .ARM.Collect$$libshutdown$$00000004  c_w.l(libshutdown2.o)
    0x080001cc   0x080001cc   0x00000000   Code   RO         3508    .ARM.Collect$$libshutdown$$00000007  c_w.l(libshutdown2.o)
    0x080001cc   0x080001cc   0x00000000   Code   RO         3511    .ARM.Collect$$libshutdown$$0000000A  c_w.l(libshutdown2.o)
    0x080001cc   0x080001cc   0x00000000   Code   RO         3513    .ARM.Collect$$libshutdown$$0000000C  c_w.l(libshutdown2.o)
    0x080001cc   0x080001cc   0x00000000   Code   RO         3516    .ARM.Collect$$libshutdown$$0000000F  c_w.l(libshutdown2.o)
    0x080001cc   0x080001cc   0x00000002   Code   RO         3517    .ARM.Collect$$libshutdown$$00000010  c_w.l(libshutdown2.o)
    0x080001ce   0x080001ce   0x00000000   Code   RO         3359    .ARM.Collect$$rtentry$$00000000  c_w.l(__rtentry.o)
    0x080001ce   0x080001ce   0x00000000   Code   RO         3382    .ARM.Collect$$rtentry$$00000002  c_w.l(__rtentry2.o)
    0x080001ce   0x080001ce   0x00000006   Code   RO         3394    .ARM.Collect$$rtentry$$00000004  c_w.l(__rtentry4.o)
    0x080001d4   0x080001d4   0x00000000   Code   RO         3384    .ARM.Collect$$rtentry$$00000009  c_w.l(__rtentry2.o)
    0x080001d4   0x080001d4   0x00000004   Code   RO         3385    .ARM.Collect$$rtentry$$0000000A  c_w.l(__rtentry2.o)
    0x080001d8   0x080001d8   0x00000000   Code   RO         3387    .ARM.Collect$$rtentry$$0000000C  c_w.l(__rtentry2.o)
    0x080001d8   0x080001d8   0x00000008   Code   RO         3388    .ARM.Collect$$rtentry$$0000000D  c_w.l(__rtentry2.o)
    0x080001e0   0x080001e0   0x00000002   Code   RO         3422    .ARM.Collect$$rtexit$$00000000  c_w.l(rtexit.o)
    0x080001e2   0x080001e2   0x00000000   Code   RO         3472    .ARM.Collect$$rtexit$$00000002  c_w.l(rtexit2.o)
    0x080001e2   0x080001e2   0x00000004   Code   RO         3473    .ARM.Collect$$rtexit$$00000003  c_w.l(rtexit2.o)
    0x080001e6   0x080001e6   0x00000006   Code   RO         3474    .ARM.Collect$$rtexit$$00000004  c_w.l(rtexit2.o)
    0x080001ec   0x080001ec   0x00000096   Code   RO         2676    .emb_text           port.o
    0x08000282   0x08000282   0x00000002   PAD
    0x08000284   0x08000284   0x00000040   Code   RO            4    .text               startup_stm32f103xe.o
    0x080002c4   0x080002c4   0x0000002c   Code   RO         3310    .text               c_w.l(__2sprintf.o)
    0x080002f0   0x080002f0   0x00000078   Code   RO         3316    .text               c_w.l(_printf_dec.o)
    0x08000368   0x08000368   0x000000b8   Code   RO         3321    .text               c_w.l(__printf_ss.o)
    0x08000420   0x08000420   0x0000001a   Code   RO         3341    .text               c_w.l(atoi.o)
    0x0800043a   0x0800043a   0x0000003e   Code   RO         3343    .text               c_w.l(strlen.o)
    0x08000478   0x08000478   0x00000096   Code   RO         3345    .text               c_w.l(strncmp.o)
    0x0800050e   0x0800050e   0x0000008a   Code   RO         3347    .text               c_w.l(rt_memcpy_v6.o)
    0x08000598   0x08000598   0x00000010   Code   RO         3349    .text               c_w.l(aeabi_memset.o)
    0x080005a8   0x080005a8   0x0000004e   Code   RO         3351    .text               c_w.l(rt_memclr_w.o)
    0x080005f6   0x080005f6   0x00000056   Code   RO         3353    .text               c_w.l(strncpy.o)
    0x0800064c   0x0800064c   0x00000006   Code   RO         3355    .text               c_w.l(heapauxi.o)
    0x08000652   0x08000652   0x00000002   PAD
    0x08000654   0x08000654   0x00000008   Code   RO         3363    .text               c_w.l(rt_errno_addr_intlibspace.o)
    0x0800065c   0x0800065c   0x000000b2   Code   RO         3365    .text               c_w.l(_printf_intcommon.o)
    0x0800070e   0x0800070e   0x00000002   PAD
    0x08000710   0x08000710   0x00000030   Code   RO         3367    .text               c_w.l(_printf_char_common.o)
    0x08000740   0x08000740   0x0000000a   Code   RO         3369    .text               c_w.l(_sputc.o)
    0x0800074a   0x0800074a   0x00000070   Code   RO         3372    .text               c_w.l(strtol.o)
    0x080007ba   0x080007ba   0x00000064   Code   RO         3374    .text               c_w.l(rt_memcpy_w.o)
    0x0800081e   0x0800081e   0x00000044   Code   RO         3376    .text               c_w.l(rt_memclr.o)
    0x08000862   0x08000862   0x00000002   PAD
    0x08000864   0x08000864   0x00000008   Code   RO         3378    .text               c_w.l(libspace.o)
    0x0800086c   0x0800086c   0x00000010   Code   RO         3396    .text               c_w.l(rt_ctype_table.o)
    0x0800087c   0x0800087c   0x0000009e   Code   RO         3400    .text               c_w.l(_strtoul.o)
    0x0800091a   0x0800091a   0x0000004a   Code   RO         3402    .text               c_w.l(sys_stackheap_outer.o)
    0x08000964   0x08000964   0x00000008   Code   RO         3407    .text               c_w.l(rt_locale_intlibspace.o)
    0x0800096c   0x0800096c   0x0000001c   Code   RO         3409    .text               c_w.l(_chval.o)
    0x08000988   0x08000988   0x00000012   Code   RO         3414    .text               c_w.l(exit.o)
    0x0800099a   0x0800099a   0x00000002   PAD
    0x0800099c   0x0800099c   0x00000080   Code   RO         3424    .text               c_w.l(strcmpv7m.o)
    0x08000a1c   0x08000a1c   0x0000000c   Code   RO         3482    .text               c_w.l(sys_exit.o)
    0x08000a28   0x08000a28   0x00000002   Code   RO         3493    .text               c_w.l(use_no_semi.o)
    0x08000a2a   0x08000a2a   0x00000000   Code   RO         3495    .text               c_w.l(indicate_semi.o)
    0x08000a2a   0x08000a2a   0x00000002   Code   RO          214    i.BusFault_Handler  stm32f1xx_it.o
    0x08000a2c   0x08000a2c   0x00000002   Code   RO          215    i.DebugMon_Handler  stm32f1xx_it.o
    0x08000a2e   0x08000a2e   0x00000046   Code   RO         1100    i.HAL_DMA_Abort     stm32f1xx_hal_dma.o
    0x08000a74   0x08000a74   0x00000130   Code   RO         1101    i.HAL_DMA_Abort_IT  stm32f1xx_hal_dma.o
    0x08000ba4   0x08000ba4   0x000001f8   Code   RO         1036    i.HAL_GPIO_Init     stm32f1xx_hal_gpio.o
    0x08000d9c   0x08000d9c   0x0000000a   Code   RO         1040    i.HAL_GPIO_WritePin  stm32f1xx_hal_gpio.o
    0x08000da6   0x08000da6   0x00000002   PAD
    0x08000da8   0x08000da8   0x0000000c   Code   RO          730    i.HAL_GetTick       stm32f1xx_hal.o
    0x08000db4   0x08000db4   0x00000010   Code   RO          736    i.HAL_IncTick       stm32f1xx_hal.o
    0x08000dc4   0x08000dc4   0x00000024   Code   RO          737    i.HAL_Init          stm32f1xx_hal.o
    0x08000de8   0x08000de8   0x00000040   Code   RO          738    i.HAL_InitTick      stm32f1xx_hal.o
    0x08000e28   0x08000e28   0x0000003c   Code   RO          284    i.HAL_MspInit       stm32f1xx_hal_msp.o
    0x08000e64   0x08000e64   0x0000001a   Code   RO         1196    i.HAL_NVIC_EnableIRQ  stm32f1xx_hal_cortex.o
    0x08000e7e   0x08000e7e   0x00000002   PAD
    0x08000e80   0x08000e80   0x00000040   Code   RO         1202    i.HAL_NVIC_SetPriority  stm32f1xx_hal_cortex.o
    0x08000ec0   0x08000ec0   0x00000024   Code   RO         1203    i.HAL_NVIC_SetPriorityGrouping  stm32f1xx_hal_cortex.o
    0x08000ee4   0x08000ee4   0x0000012c   Code   RO          894    i.HAL_RCC_ClockConfig  stm32f1xx_hal_rcc.o
    0x08001010   0x08001010   0x00000020   Code   RO          901    i.HAL_RCC_GetPCLK1Freq  stm32f1xx_hal_rcc.o
    0x08001030   0x08001030   0x00000020   Code   RO          902    i.HAL_RCC_GetPCLK2Freq  stm32f1xx_hal_rcc.o
    0x08001050   0x08001050   0x0000004c   Code   RO          903    i.HAL_RCC_GetSysClockFreq  stm32f1xx_hal_rcc.o
    0x0800109c   0x0800109c   0x00000320   Code   RO          906    i.HAL_RCC_OscConfig  stm32f1xx_hal_rcc.o
    0x080013bc   0x080013bc   0x00000028   Code   RO         1207    i.HAL_SYSTICK_Config  stm32f1xx_hal_cortex.o
    0x080013e4   0x080013e4   0x00000002   Code   RO          368    i.HAL_UARTEx_RxEventCallback  stm32f1xx_hal_uart.o
    0x080013e6   0x080013e6   0x00000002   Code   RO          382    i.HAL_UART_ErrorCallback  stm32f1xx_hal_uart.o
    0x080013e8   0x080013e8   0x0000026c   Code   RO          385    i.HAL_UART_IRQHandler  stm32f1xx_hal_uart.o
    0x08001654   0x08001654   0x00000064   Code   RO          386    i.HAL_UART_Init     stm32f1xx_hal_uart.o
    0x080016b8   0x080016b8   0x00000080   Code   RO          286    i.HAL_UART_MspInit  stm32f1xx_hal_msp.o
    0x08001738   0x08001738   0x0000001c   Code   RO          391    i.HAL_UART_Receive_IT  stm32f1xx_hal_uart.o
    0x08001754   0x08001754   0x00000074   Code   RO           14    i.HAL_UART_RxCpltCallback  main.o
    0x080017c8   0x080017c8   0x000000a0   Code   RO          394    i.HAL_UART_Transmit  stm32f1xx_hal_uart.o
    0x08001868   0x08001868   0x00000002   Code   RO          397    i.HAL_UART_TxCpltCallback  stm32f1xx_hal_uart.o
    0x0800186a   0x0800186a   0x00000002   Code   RO          216    i.HardFault_Handler  stm32f1xx_it.o
    0x0800186c   0x0800186c   0x00000088   Code   RO           15    i.MX_GPIO_Init      main.o
    0x080018f4   0x080018f4   0x00000040   Code   RO           16    i.MX_USART1_UART_Init  main.o
    0x08001934   0x08001934   0x00000002   Code   RO          217    i.MemManage_Handler  stm32f1xx_it.o
    0x08001936   0x08001936   0x00000002   Code   RO          218    i.NMI_Handler       stm32f1xx_it.o
    0x08001938   0x08001938   0x00000018   Code   RO          219    i.SysTick_Handler   stm32f1xx_it.o
    0x08001950   0x08001950   0x00000042   Code   RO           17    i.SystemClock_Config  main.o
    0x08001992   0x08001992   0x00000002   Code   RO         1697    i.SystemInit        system_stm32f1xx.o
    0x08001994   0x08001994   0x00000064   Code   RO           18    i.TaskLed           main.o
    0x080019f8   0x080019f8   0x00000128   Code   RO           19    i.TaskUartRx        main.o
    0x08001b20   0x08001b20   0x00000010   Code   RO          399    i.UART_DMAAbortOnError  stm32f1xx_hal_uart.o
    0x08001b30   0x08001b30   0x0000004e   Code   RO          409    i.UART_EndRxTransfer  stm32f1xx_hal_uart.o
    0x08001b7e   0x08001b7e   0x000000c2   Code   RO          411    i.UART_Receive_IT   stm32f1xx_hal_uart.o
    0x08001c40   0x08001c40   0x000000b8   Code   RO          412    i.UART_SetConfig    stm32f1xx_hal_uart.o
    0x08001cf8   0x08001cf8   0x00000036   Code   RO          414    i.UART_Start_Receive_IT  stm32f1xx_hal_uart.o
    0x08001d2e   0x08001d2e   0x00000072   Code   RO          415    i.UART_WaitOnFlagUntilTimeout  stm32f1xx_hal_uart.o
    0x08001da0   0x08001da0   0x0000000c   Code   RO          220    i.USART1_IRQHandler  stm32f1xx_it.o
    0x08001dac   0x08001dac   0x00000002   Code   RO          221    i.UsageFault_Handler  stm32f1xx_it.o
    0x08001dae   0x08001dae   0x00000020   Code   RO         1209    i.__NVIC_SetPriority  stm32f1xx_hal_cortex.o
    0x08001dce   0x08001dce   0x00000002   PAD
    0x08001dd0   0x08001dd0   0x00000044   Code   RO         2747    i.free              heap_4.o
    0x08001e14   0x08001e14   0x000000b8   Code   RO           20    i.main              main.o
    0x08001ecc   0x08001ecc   0x000000ac   Code   RO         2748    i.malloc            heap_4.o
    0x08001f78   0x08001f78   0x0000005c   Code   RO         1733    i.prvAddCurrentTaskToDelayedList  tasks.o
    0x08001fd4   0x08001fd4   0x000000cc   Code   RO         1734    i.prvAddNewTaskToReadyList  tasks.o
    0x080020a0   0x080020a0   0x00000050   Code   RO         2337    i.prvCheckForValidListAndQueue  timers.o
    0x080020f0   0x080020f0   0x00000026   Code   RO         2098    i.prvCopyDataFromQueue  queue.o
    0x08002116   0x08002116   0x0000006c   Code   RO         2099    i.prvCopyDataToQueue  queue.o
    0x08002182   0x08002182   0x00000014   Code   RO         1735    i.prvDeleteTCB      tasks.o
    0x08002196   0x08002196   0x00000002   PAD
    0x08002198   0x08002198   0x0000004c   Code   RO         2749    i.prvHeapInit       heap_4.o
    0x080021e4   0x080021e4   0x00000060   Code   RO         1736    i.prvIdleTask       tasks.o
    0x08002244   0x08002244   0x000000a0   Code   RO         1737    i.prvInitialiseNewTask  tasks.o
    0x080022e4   0x080022e4   0x0000004c   Code   RO         2750    i.prvInsertBlockIntoFreeList  heap_4.o
    0x08002330   0x08002330   0x00000038   Code   RO         2338    i.prvInsertTimerInActiveList  timers.o
    0x08002368   0x08002368   0x0000001c   Code   RO         2100    i.prvIsQueueEmpty   queue.o
    0x08002384   0x08002384   0x000000dc   Code   RO         2339    i.prvProcessReceivedCommands  timers.o
    0x08002460   0x08002460   0x000000b0   Code   RO         2340    i.prvProcessTimerOrBlockTask  timers.o
    0x08002510   0x08002510   0x00000020   Code   RO         1738    i.prvResetNextTaskUnblockTime  tasks.o
    0x08002530   0x08002530   0x00000028   Code   RO         2341    i.prvSampleTimeNow  timers.o
    0x08002558   0x08002558   0x0000005c   Code   RO         2342    i.prvSwitchTimerLists  timers.o
    0x080025b4   0x080025b4   0x00000010   Code   RO         2677    i.prvTaskExitError  port.o
    0x080025c4   0x080025c4   0x00000024   Code   RO         2343    i.prvTimerTask      timers.o
    0x080025e8   0x080025e8   0x0000006a   Code   RO         2101    i.prvUnlockQueue    queue.o
    0x08002652   0x08002652   0x00000002   PAD
    0x08002654   0x08002654   0x00000024   Code   RO         2678    i.pxPortInitialiseStack  port.o
    0x08002678   0x08002678   0x00000026   Code   RO         2297    i.uxListRemove      list.o
    0x0800269e   0x0800269e   0x00000002   Code   RO           21    i.vApplicationMallocFailedHook  main.o
    0x080026a0   0x080026a0   0x00000002   Code   RO           22    i.vApplicationStackOverflowHook  main.o
    0x080026a2   0x080026a2   0x00000002   Code   RO         2881    i.vApplicationTickHook  cmsis_os2.o
    0x080026a4   0x080026a4   0x00000016   Code   RO         2298    i.vListInitialise   list.o
    0x080026ba   0x080026ba   0x00000006   Code   RO         2299    i.vListInitialiseItem  list.o
    0x080026c0   0x080026c0   0x00000030   Code   RO         2300    i.vListInsert       list.o
    0x080026f0   0x080026f0   0x00000018   Code   RO         2301    i.vListInsertEnd    list.o
    0x08002708   0x08002708   0x0000001c   Code   RO         2680    i.vPortEnterCritical  port.o
    0x08002724   0x08002724   0x00000014   Code   RO         2681    i.vPortExitCritical  port.o
    0x08002738   0x08002738   0x00000024   Code   RO         2682    i.vPortSetupTimerInterrupt  port.o
    0x0800275c   0x0800275c   0x00000028   Code   RO         2105    i.vQueueAddToRegistry  queue.o
    0x08002784   0x08002784   0x00000044   Code   RO         2108    i.vQueueWaitForMessageRestricted  queue.o
    0x080027c8   0x080027c8   0x00000054   Code   RO         1750    i.vTaskDelayUntil   tasks.o
    0x0800281c   0x0800281c   0x00000010   Code   RO         1753    i.vTaskInternalSetTimeOutState  tasks.o
    0x0800282c   0x0800282c   0x0000000c   Code   RO         1754    i.vTaskMissedYield  tasks.o
    0x08002838   0x08002838   0x00000020   Code   RO         1756    i.vTaskPlaceOnEventList  tasks.o
    0x08002858   0x08002858   0x00000028   Code   RO         1757    i.vTaskPlaceOnEventListRestricted  tasks.o
    0x08002880   0x08002880   0x0000005c   Code   RO         1765    i.vTaskStartScheduler  tasks.o
    0x080028dc   0x080028dc   0x00000010   Code   RO         1767    i.vTaskSuspendAll   tasks.o
    0x080028ec   0x080028ec   0x0000007c   Code   RO         1768    i.vTaskSwitchContext  tasks.o
    0x08002968   0x08002968   0x00000030   Code   RO         2683    i.xPortStartScheduler  port.o
    0x08002998   0x08002998   0x0000002c   Code   RO         2684    i.xPortSysTickHandler  port.o
    0x080029c4   0x080029c4   0x0000002e   Code   RO         2111    i.xQueueGenericCreate  queue.o
    0x080029f2   0x080029f2   0x00000002   PAD
    0x080029f4   0x080029f4   0x00000074   Code   RO         2112    i.xQueueGenericReset  queue.o
    0x08002a68   0x08002a68   0x000000f8   Code   RO         2113    i.xQueueGenericSend  queue.o
    0x08002b60   0x08002b60   0x00000068   Code   RO         2114    i.xQueueGenericSendFromISR  queue.o
    0x08002bc8   0x08002bc8   0x000000f0   Code   RO         2123    i.xQueueReceive     queue.o
    0x08002cb8   0x08002cb8   0x00000050   Code   RO         1770    i.xTaskCheckForTimeOut  tasks.o
    0x08002d08   0x08002d08   0x00000056   Code   RO         1771    i.xTaskCreate       tasks.o
    0x08002d5e   0x08002d5e   0x00000002   PAD
    0x08002d60   0x08002d60   0x0000001c   Code   RO         1775    i.xTaskGetSchedulerState  tasks.o
    0x08002d7c   0x08002d7c   0x0000000c   Code   RO         1776    i.xTaskGetTickCount  tasks.o
    0x08002d88   0x08002d88   0x000000c0   Code   RO         1778    i.xTaskIncrementTick  tasks.o
    0x08002e48   0x08002e48   0x00000054   Code   RO         1781    i.xTaskPriorityDisinherit  tasks.o
    0x08002e9c   0x08002e9c   0x0000005c   Code   RO         1783    i.xTaskRemoveFromEventList  tasks.o
    0x08002ef8   0x08002ef8   0x000000b0   Code   RO         1784    i.xTaskResumeAll    tasks.o
    0x08002fa8   0x08002fa8   0x0000003c   Code   RO         2349    i.xTimerCreateTimerTask  timers.o
    0x08002fe4   0x08002fe4   0x00000050   Code   RO         2350    i.xTimerGenericCommand  timers.o
    0x08003034   0x08003034   0x0000002c   Code   RO         3412    locale$$code        c_w.l(lc_ctype_c.o)
    0x08003060   0x08003060   0x00000018   Data   RO           24    .constdata          main.o
    0x08003078   0x08003078   0x00000012   Data   RO          907    .constdata          stm32f1xx_hal_rcc.o
    0x0800308a   0x0800308a   0x00000010   Data   RO         1698    .constdata          system_stm32f1xx.o
    0x0800309a   0x0800309a   0x00000008   Data   RO         1699    .constdata          system_stm32f1xx.o
    0x080030a2   0x080030a2   0x00000002   PAD
    0x080030a4   0x080030a4   0x00000020   Data   RO         3548    Region$$Table       anon$$obj.o
    0x080030c4   0x080030c4   0x00000110   Data   RO         3411    locale$$data        c_w.l(lc_ctype_c.o)


    Execution Region RW_IRAM1 (Exec base: 0x20000000, Load base: 0x080031d4, Size: 0x000034c0, Max: 0x00010000, ABSOLUTE)

    Exec Addr    Load Addr    Size         Type   Attr      Idx    E Section Name        Object

    0x20000000   0x080031d4   0x00000024   Data   RW           25    .data               main.o
    0x20000024   0x080031f8   0x0000000c   Data   RW          744    .data               stm32f1xx_hal.o
    0x20000030   0x08003204   0x00000004   Data   RW         1700    .data               system_stm32f1xx.o
    0x20000034   0x08003208   0x0000003c   Data   RW         1787    .data               tasks.o
    0x20000070   0x08003244   0x00000014   Data   RW         2358    .data               timers.o
    0x20000084   0x08003258   0x00000004   Data   RW         2685    .data               port.o
    0x20000088   0x0800325c   0x00000020   Data   RW         2756    .data               heap_4.o
    0x200000a8        -       0x00000088   Zero   RW           23    .bss                main.o
    0x20000130        -       0x000004c4   Zero   RW         1786    .bss                tasks.o
    0x200005f4        -       0x00000040   Zero   RW         2127    .bss                queue.o
    0x20000634        -       0x00000028   Zero   RW         2357    .bss                timers.o
    0x2000065c        -       0x00002800   Zero   RW         2755    .bss                heap_4.o
    0x20002e5c        -       0x00000060   Zero   RW         3379    .bss                c_w.l(libspace.o)
    0x20002ebc   0x0800327c   0x00000004   PAD
    0x20002ec0        -       0x00000200   Zero   RW            2    HEAP                startup_stm32f103xe.o
    0x200030c0        -       0x00000400   Zero   RW            1    STACK               startup_stm32f103xe.o


==============================================================================

Image component sizes


      Code (inc. data)   RO Data    RW Data    ZI Data      Debug   Object Name

         2          0          0          0          0        535   cmsis_os2.o
       392         24          0         32      10240       4324   heap_4.o
       138          0          0          0          0       3454   list.o
       966        232         24         36        136     472258   main.o
       378         44          0          4          0       9264   port.o
      1142         20          0          0         64      22894   queue.o
        64         26        304          0       1536        820   startup_stm32f103xe.o
       128         24          0         12          0       5969   stm32f1xx_hal.o
       198         14          0          0          0      28999   stm32f1xx_hal_cortex.o
       374          8          0          0          0       1859   stm32f1xx_hal_dma.o
       514         42          0          0          0       2932   stm32f1xx_hal_gpio.o
       188         20          0          0          0       1601   stm32f1xx_hal_msp.o
      1240         84         18          0          0       5164   stm32f1xx_hal_rcc.o
      1554         10          0          0          0      11088   stm32f1xx_hal_uart.o
        48          6          0          0          0       3591   stm32f1xx_it.o
         2          0         24          4          0       1143   system_stm32f1xx.o
      1770        164          0         60       1220      30757   tasks.o
       840         86          0         20         40      11483   timers.o

    ----------------------------------------------------------------------
      9954        804        404        168      13236     618135   Object Totals
         0          0         32          0          0          0   (incl. Generated)
        16          0          2          0          0          0   (incl. Padding)

    ----------------------------------------------------------------------

      Code (inc. data)   RO Data    RW Data    ZI Data      Debug   Library Member Name

        44          6          0          0          0         84   __2sprintf.o
         8          0          0          0          0         68   __main.o
       184          0          0          0          0         84   __printf_ss.o
         0          0          0          0          0          0   __rtentry.o
        12          0          0          0          0          0   __rtentry2.o
         6          0          0          0          0          0   __rtentry4.o
        52          8          0          0          0          0   __scatter.o
        26          0          0          0          0          0   __scatter_copy.o
        28          0          0          0          0          0   __scatter_zi.o
        28          0          0          0          0         68   _chval.o
        48          6          0          0          0         96   _printf_char_common.o
         6          0          0          0          0          0   _printf_d.o
       120         16          0          0          0         92   _printf_dec.o
       178          0          0          0          0         88   _printf_intcommon.o
         0          0          0          0          0          0   _printf_percent.o
         4          0          0          0          0          0   _printf_percent_end.o
         6          0          0          0          0          0   _printf_u.o
        10          0          0          0          0         68   _sputc.o
       158          0          0          0          0         92   _strtoul.o
        16          0          0          0          0         68   aeabi_memset.o
        26          0          0          0          0         80   atoi.o
        18          0          0          0          0         80   exit.o
         6          0          0          0          0        152   heapauxi.o
         0          0          0          0          0          0   indicate_semi.o
        44         10        272          0          0         76   lc_ctype_c.o
         2          0          0          0          0          0   libinit.o
        20          0          0          0          0          0   libinit2.o
         2          0          0          0          0          0   libshutdown.o
         2          0          0          0          0          0   libshutdown2.o
         8          4          0          0         96         68   libspace.o
        16          4          0          0          0         76   rt_ctype_table.o
         8          4          0          0          0         68   rt_errno_addr_intlibspace.o
         8          4          0          0          0         68   rt_locale_intlibspace.o
        68          0          0          0          0         68   rt_memclr.o
        78          0          0          0          0         80   rt_memclr_w.o
       138          0          0          0          0         68   rt_memcpy_v6.o
       100          0          0          0          0         80   rt_memcpy_w.o
         2          0          0          0          0          0   rtexit.o
        10          0          0          0          0          0   rtexit2.o
       128          0          0          0          0         68   strcmpv7m.o
        62          0          0          0          0         76   strlen.o
       150          0          0          0          0         80   strncmp.o
        86          0          0          0          0         76   strncpy.o
       112          0          0          0          0         88   strtol.o
        12          4          0          0          0         68   sys_exit.o
        74          0          0          0          0         80   sys_stackheap_outer.o
         2          0          0          0          0         68   use_no_semi.o

    ----------------------------------------------------------------------
      2126         66        272          0        100       2376   Library Totals
        10          0          0          0          4          0   (incl. Padding)

    ----------------------------------------------------------------------

      Code (inc. data)   RO Data    RW Data    ZI Data      Debug   Library Name

      2116         66        272          0         96       2376   c_w.l

    ----------------------------------------------------------------------
      2126         66        272          0        100       2376   Library Totals

    ----------------------------------------------------------------------

==============================================================================


      Code (inc. data)   RO Data    RW Data    ZI Data      Debug   

     12080        870        676        168      13336     613695   Grand Totals
     12080        870        676        168      13336     613695   ELF Image Totals
     12080        870        676        168          0          0   ROM Totals

==============================================================================

    Total RO  Size (Code + RO Data)                12756 (  12.46kB)
    Total RW  Size (RW Data + ZI Data)             13504 (  13.19kB)
    Total ROM Size (Code + RO Data + RW Data)      12924 (  12.62kB)

==============================================================================

